Archive member included to satisfy reference by file (symbol)

/home/erik/.pebble-sdk/SDKs/current/sdk-core/pebble/aplite/lib/libpebble.a(tmp7jpKUopebble.o)
                              src/c/PeReader.c.49.o (app_event_loop)
/home/erik/.pebble-sdk/SDKs/4.9.169/toolchain/arm-none-eabi/bin/../lib/gcc/arm-none-eabi/14.2.1/thumb/v7-m/nofp/libgcc.a(_arm_mulsf3.o)
                              src/c/PeReader.c.49.o (__aeabi_fmul)
/home/erik/.pebble-sdk/SDKs/4.9.169/toolchain/arm-none-eabi/bin/../lib/gcc/arm-none-eabi/14.2.1/thumb/v7-m/nofp/libgcc.a(_arm_addsubsf3.o)
                              src/c/PeReader.c.49.o (__aeabi_ui2f)
/home/erik/.pebble-sdk/SDKs/4.9.169/toolchain/arm-none-eabi/bin/../lib/gcc/arm-none-eabi/14.2.1/thumb/v7-m/nofp/libgcc.a(_arm_muldivsf3.o)
                              src/c/PeReader.c.49.o (__aeabi_fdiv)
/home/erik/.pebble-sdk/SDKs/4.9.169/toolchain/arm-none-eabi/bin/../lib/gcc/arm-none-eabi/14.2.1/thumb/v7-m/nofp/libgcc.a(_arm_fixsfsi.o)
                              src/c/PeReader.c.49.o (__aeabi_f2iz)
/home/erik/.pebble-sdk/SDKs/4.9.169/toolchain/arm-none-eabi/bin/../lib/gcc/arm-none-eabi/14.2.1/thumb/v7-m/nofp/libgcc.a(_arm_fixunssfsi.o)
                              src/c/PeReader.c.49.o (__aeabi_f2uiz)
/home/erik/.pebble-sdk/SDKs/4.9.169/toolchain/arm-none-eabi/bin/../lib/gcc/arm-none-eabi/14.2.1/../../../../arm-none-eabi/lib/thumb/v7-m/nofp/libc.a(libc_a-atexit.o)
                              /home/erik/.pebble-sdk/SDKs/4.9.169/toolchain/arm-none-eabi/bin/../lib/gcc/arm-none-eabi/14.2.1/../../../../arm-none-eabi/lib/thumb/v7-m/nofp/crt0.o (atexit)
/home/erik/.pebble-sdk/SDKs/4.9.169/toolchain/arm-none-eabi/bin/../lib/gcc/arm-none-eabi/14.2.1/../../../../arm-none-eabi/lib/thumb/v7-m/nofp/libc.a(libc_a-exit.o)
                              /home/erik/.pebble-sdk/SDKs/4.9.169/toolchain/arm-none-eabi/bin/../lib/gcc/arm-none-eabi/14.2.1/../../../../arm-none-eabi/lib/thumb/v7-m/nofp/crt0.o (exit)
/home/erik/.pebble-sdk/SDKs/4.9.169/toolchain/arm-none-eabi/bin/../lib/gcc/arm-none-eabi/14.2.1/../../../../arm-none-eabi/lib/thumb/v7-m/nofp/libc.a(libc_a-findfp.o)
                              /home/erik/.pebble-sdk/SDKs/4.9.169/toolchain/arm-none-eabi/bin/../lib/gcc/arm-none-eabi/14.2.1/../../../../arm-none-eabi/lib/thumb/v7-m/nofp/libc.a(libc_a-exit.o) (__stdio_exit_handler)
/home/erik/.pebble-sdk/SDKs/4.9.169/toolchain/arm-none-eabi/bin/../lib/gcc/arm-none-eabi/14.2.1/../../../../arm-none-eabi/lib/thumb/v7-m/nofp/libc.a(libc_a-fwalk.o)
                              /home/erik/.pebble-sdk/SDKs/4.9.169/toolchain/arm-none-eabi/bin/../lib/gcc/arm-none-eabi/14.2.1/../../../../arm-none-eabi/lib/thumb/v7-m/nofp/libc.a(libc_a-findfp.o) (_fwalk_sglue)
/home/erik/.pebble-sdk/SDKs/4.9.169/toolchain/arm-none-eabi/bin/../lib/gcc/arm-none-eabi/14.2.1/../../../../arm-none-eabi/lib/thumb/v7-m/nofp/libc.a(libc_a-stdio.o)
                              /home/erik/.pebble-sdk/SDKs/4.9.169/toolchain/arm-none-eabi/bin/../lib/gcc/arm-none-eabi/14.2.1/../../../../arm-none-eabi/lib/thumb/v7-m/nofp/libc.a(libc_a-findfp.o) (__sread)
/home/erik/.pebble-sdk/SDKs/4.9.169/toolchain/arm-none-eabi/bin/../lib/gcc/arm-none-eabi/14.2.1/../../../../arm-none-eabi/lib/thumb/v7-m/nofp/libc.a(libc_a-closer.o)
                              /home/erik/.pebble-sdk/SDKs/4.9.169/toolchain/arm-none-eabi/bin/../lib/gcc/arm-none-eabi/14.2.1/../../../../arm-none-eabi/lib/thumb/v7-m/nofp/libc.a(libc_a-stdio.o) (_close_r)
/home/erik/.pebble-sdk/SDKs/4.9.169/toolchain/arm-none-eabi/bin/../lib/gcc/arm-none-eabi/14.2.1/../../../../arm-none-eabi/lib/thumb/v7-m/nofp/libc.a(libc_a-reent.o)
                              /home/erik/.pebble-sdk/SDKs/4.9.169/toolchain/arm-none-eabi/bin/../lib/gcc/arm-none-eabi/14.2.1/../../../../arm-none-eabi/lib/thumb/v7-m/nofp/libc.a(libc_a-closer.o) (errno)
/home/erik/.pebble-sdk/SDKs/4.9.169/toolchain/arm-none-eabi/bin/../lib/gcc/arm-none-eabi/14.2.1/../../../../arm-none-eabi/lib/thumb/v7-m/nofp/libc.a(libc_a-impure.o)
                              /home/erik/.pebble-sdk/SDKs/4.9.169/toolchain/arm-none-eabi/bin/../lib/gcc/arm-none-eabi/14.2.1/../../../../arm-none-eabi/lib/thumb/v7-m/nofp/libc.a(libc_a-reent.o) (_impure_ptr)
/home/erik/.pebble-sdk/SDKs/4.9.169/toolchain/arm-none-eabi/bin/../lib/gcc/arm-none-eabi/14.2.1/../../../../arm-none-eabi/lib/thumb/v7-m/nofp/libc.a(libc_a-lseekr.o)
                              /home/erik/.pebble-sdk/SDKs/4.9.169/toolchain/arm-none-eabi/bin/../lib/gcc/arm-none-eabi/14.2.1/../../../../arm-none-eabi/lib/thumb/v7-m/nofp/libc.a(libc_a-stdio.o) (_lseek_r)
/home/erik/.pebble-sdk/SDKs/4.9.169/toolchain/arm-none-eabi/bin/../lib/gcc/arm-none-eabi/14.2.1/../../../../arm-none-eabi/lib/thumb/v7-m/nofp/libc.a(libc_a-readr.o)
                              /home/erik/.pebble-sdk/SDKs/4.9.169/toolchain/arm-none-eabi/bin/../lib/gcc/arm-none-eabi/14.2.1/../../../../arm-none-eabi/lib/thumb/v7-m/nofp/libc.a(libc_a-stdio.o) (_read_r)
[...]
Memory Configuration

Name             Origin             Length             Attributes
APP              0x00000000         0x00006000         xrw
*default*        0x00000000         0xffffffff

Linker script and memory map

LOAD /home/erik/.pebble-sdk/SDKs/4.9.169/toolchain/arm-none-eabi/bin/../lib/gcc/arm-none-eabi/14.2.1/thumb/v7-m/nofp/crti.o
LOAD /home/erik/.pebble-sdk/SDKs/4.9.169/toolchain/arm-none-eabi/bin/../lib/gcc/arm-none-eabi/14.2.1/thumb/v7-m/nofp/crtbegin.o
LOAD /home/erik/.pebble-sdk/SDKs/4.9.169/toolchain/arm-none-eabi/bin/../lib/gcc/arm-none-eabi/14.2.1/../../../../arm-none-eabi/lib/thumb/v7-m/nofp/crt0.o
LOAD src/c/PeReader.c.49.o
LOAD src/c/settings.c.49.o
LOAD aplite/appinfo.auto.c.49.o
LOAD aplite/src/resource_ids.auto.c.49.o
LOAD src/message_keys.auto.c.49.o
LOAD /home/erik/.pebble-sdk/SDKs/current/sdk-core/pebble/aplite/lib/libpebble.a
START GROUP
LOAD /home/erik/.pebble-sdk/SDKs/4.9.169/toolchain/arm-none-eabi/bin/../lib/gcc/arm-none-eabi/14.2.1/thumb/v7-m/nofp/libgcc.a
LOAD /home/erik/.pebble-sdk/SDKs/4.9.169/toolchain/arm-none-eabi/bin/../lib/gcc/arm-none-eabi/14.2.1/../../../../arm-none-eabi/lib/thumb/v7-m/nofp/libc.a
END GROUP
LOAD /home/erik/.pebble-sdk/SDKs/4.9.169/toolchain/arm-none-eabi/bin/../lib/gcc/arm-none-eabi/14.2.1/thumb/v7-m/nofp/crtend.o
LOAD /home/erik/.pebble-sdk/SDKs/4.9.169/toolchain/arm-none-eabi/bin/../lib/gcc/arm-none-eabi/14.2.1/thumb/v7-m/nofp/crtn.o

.header         0x00000000       0x82
 *(.pbl_header)
 .pbl_header    0x00000000       0x82 aplite/appinfo.auto.c.49.o
                0x00000000                __pbl_app_info

.note.gnu.build-id
                0x00000082       0x26
                [!provide]                        PROVIDE (BUILD_ID = .)
 *(.note.gnu.build-id)
 *fill*         0x00000082        0x2 
 .note.gnu.build-id
                0x00000084       0x24 linker stubs

.text           0x000000a8     0x12c4
 *(.text)
 .text          0x000000a8       0x14 /home/erik/.pebble-sdk/SDKs/current/sdk-core/pebble/aplite/lib/libpebble.a(tmp7jpKUopebble.o)
 .text          0x000000bc      0x21c /home/erik/.pebble-sdk/SDKs/4.9.169/toolchain/arm-none-eabi/bin/../lib/gcc/arm-none-eabi/14.2.1/thumb/v7-m/nofp/libgcc.a(_arm_addsubsf3.o)
                0x000000bc                __aeabi_frsub
                0x000000c4                __subsf3
                0x000000c4                __aeabi_fsub
                0x000000c8                __aeabi_fadd
                0x000000c8                __addsf3
                0x00000228                __aeabi_ui2f
                0x00000228                __floatunsisf
                0x00000230                __aeabi_i2f
                0x00000230                __floatsisf
                0x0000024c                __floatundisf
                0x0000024c                __aeabi_ul2f
                0x0000025c                __floatdisf
                0x0000025c                __aeabi_l2f
 .text          0x000002d8      0x2a0 /home/erik/.pebble-sdk/SDKs/4.9.169/toolchain/arm-none-eabi/bin/../lib/gcc/arm-none-eabi/14.2.1/thumb/v7-m/nofp/libgcc.a(_arm_muldivsf3.o)
                0x000002d8                __mulsf3
                0x000002d8                __aeabi_fmul
                0x00000440                __divsf3
                0x00000440                __aeabi_fdiv
 .text          0x00000578       0x4c /home/erik/.pebble-sdk/SDKs/4.9.169/toolchain/arm-none-eabi/bin/../lib/gcc/arm-none-eabi/14.2.1/thumb/v7-m/nofp/libgcc.a(_arm_fixsfsi.o)
                0x00000578                __fixsfsi
                0x00000578                __aeabi_f2iz
 .text          0x000005c4       0x40 /home/erik/.pebble-sdk/SDKs/4.9.169/toolchain/arm-none-eabi/bin/../lib/gcc/arm-none-eabi/14.2.1/thumb/v7-m/nofp/libgcc.a(_arm_fixunssfsi.o)
                0x000005c4                __aeabi_f2uiz
                0x000005c4                __fixunssfsi
 *(.text.*)
 .text.window_unload
                0x00000604       0x80 src/c/PeReader.c.49.o
 .text.window_load
                0x00000684      0x240 src/c/PeReader.c.49.o
 .text.back_click_handler
                0x000008c4        0x6 src/c/PeReader.c.49.o
 *fill*         0x000008ca        0x2 
 .text.action_bar_click_config_provider
                0x000008cc       0x3c src/c/PeReader.c.49.o
 .text.click_config_provider
                0x00000908       0x58 src/c/PeReader.c.49.o
 .text.action_bar_up_click_handler
                0x00000960       0x10 src/c/PeReader.c.49.o
 .text.request_page
                0x00000970       0x38 src/c/PeReader.c.49.o
 .text.inbox_received_handler
                0x000009a8      0x10c src/c/PeReader.c.49.o
 .text.number_window_select_callback
                0x00000ab4       0x54 src/c/PeReader.c.49.o
 .text.down_click_handler
                0x00000b08       0x20 src/c/PeReader.c.49.o
 .text.up_click_handler
                0x00000b28       0x2c src/c/PeReader.c.49.o
 .text.update_time
                0x00000b54       0x88 src/c/PeReader.c.49.o
 .text.select_click_handler
                0x00000bdc       0x5c src/c/PeReader.c.49.o
 .text.tick_handler
                0x00000c38        0x4 src/c/PeReader.c.49.o
 .text.action_bar_select_click_handler
                0x00000c3c       0x50 src/c/PeReader.c.49.o
 .text.action_bar_down_click_handler
                0x00000c8c       0xa0 src/c/PeReader.c.49.o
 .text.startup.main
                0x00000d2c       0xc4 src/c/PeReader.c.49.o
                0x00000d2c                main
 .text.menu_get_num_rows
                0x00000df0        0x4 src/c/settings.c.49.o
                0x00000df0                menu_get_num_rows
 .text.menu_draw_row_callback
                0x00000df4       0x74 src/c/settings.c.49.o
                0x00000df4                menu_draw_row_callback
 .text.menu_select_callback
                0x00000e68       0x48 src/c/settings.c.49.o
                0x00000e68                menu_select_callback
 .text.settings_page_create
                0x00000eb0       0x6c src/c/settings.c.49.o
                0x00000eb0                settings_page_create
 .text.settings_page_open
                0x00000f1c       0x38 src/c/settings.c.49.o
                0x00000f1c                settings_page_open
 .text.settings_page_destroy
                0x00000f54       0x14 src/c/settings.c.49.o
                0x00000f54                settings_page_destroy
 .text.set_brightness
                0x00000f68        0xc src/c/settings.c.49.o
                0x00000f68                set_brightness
 .text.is_brightness_enabled
                0x00000f74        0xc src/c/settings.c.49.o
                0x00000f74                is_brightness_enabled
 .text.app_event_loop
                0x00000f80        0xc /home/erik/.pebble-sdk/SDKs/current/sdk-core/pebble/aplite/lib/libpebble.a(tmp7jpKUopebble.o)
                0x00000f80                app_event_loop
 .text.app_message_open
                0x00000f8c        0xc /home/erik/.pebble-sdk/SDKs/current/sdk-core/pebble/aplite/lib/libpebble.a(tmp7jpKUopebble.o)
                0x00000f8c                app_message_open
 .text.clock_is_24h_style
                0x00000f98        0xc /home/erik/.pebble-sdk/SDKs/current/sdk-core/pebble/aplite/lib/libpebble.a(tmp7jpKUopebble.o)
                0x00000f98                clock_is_24h_style
 .text.dict_find
                0x00000fa4        0xc /home/erik/.pebble-sdk/SDKs/current/sdk-core/pebble/aplite/lib/libpebble.a(tmp7jpKUopebble.o)
                0x00000fa4                dict_find
 .text.dict_write_int
                0x00000fb0        0xc /home/erik/.pebble-sdk/SDKs/current/sdk-core/pebble/aplite/lib/libpebble.a(tmp7jpKUopebble.o)
                0x00000fb0                dict_write_int
 .text.fonts_get_system_font
                0x00000fbc        0xc /home/erik/.pebble-sdk/SDKs/current/sdk-core/pebble/aplite/lib/libpebble.a(tmp7jpKUopebble.o)
                0x00000fbc                fonts_get_system_font
 .text.gbitmap_create_with_resource
                0x00000fc8        0xc /home/erik/.pebble-sdk/SDKs/current/sdk-core/pebble/aplite/lib/libpebble.a(tmp7jpKUopebble.o)
                0x00000fc8                gbitmap_create_with_resource
 .text.gbitmap_destroy
                0x00000fd4        0xc /home/erik/.pebble-sdk/SDKs/current/sdk-core/pebble/aplite/lib/libpebble.a(tmp7jpKUopebble.o)
                0x00000fd4                gbitmap_destroy
 .text.layer_add_child
                0x00000fe0        0xc /home/erik/.pebble-sdk/SDKs/current/sdk-core/pebble/aplite/lib/libpebble.a(tmp7jpKUopebble.o)
                0x00000fe0                layer_add_child
 .text.layer_get_bounds
                0x00000fec        0xc /home/erik/.pebble-sdk/SDKs/current/sdk-core/pebble/aplite/lib/libpebble.a(tmp7jpKUopebble.o)
                0x00000fec                layer_get_bounds
 .text.layer_mark_dirty
                0x00000ff8        0xc /home/erik/.pebble-sdk/SDKs/current/sdk-core/pebble/aplite/lib/libpebble.a(tmp7jpKUopebble.o)
                0x00000ff8                layer_mark_dirty
 .text.light_enable
                0x00001004        0xc /home/erik/.pebble-sdk/SDKs/current/sdk-core/pebble/aplite/lib/libpebble.a(tmp7jpKUopebble.o)
                0x00001004                light_enable
 .text.memset   0x00001010        0xc /home/erik/.pebble-sdk/SDKs/current/sdk-core/pebble/aplite/lib/libpebble.a(tmp7jpKUopebble.o)
                0x00001010                memset
 .text.menu_cell_basic_draw
                0x0000101c        0xc /home/erik/.pebble-sdk/SDKs/current/sdk-core/pebble/aplite/lib/libpebble.a(tmp7jpKUopebble.o)
                0x0000101c                menu_cell_basic_draw
 .text.menu_layer_destroy
                0x00001028        0xc /home/erik/.pebble-sdk/SDKs/current/sdk-core/pebble/aplite/lib/libpebble.a(tmp7jpKUopebble.o)
                0x00001028                menu_layer_destroy
 .text.menu_layer_get_layer
                0x00001034        0xc /home/erik/.pebble-sdk/SDKs/current/sdk-core/pebble/aplite/lib/libpebble.a(tmp7jpKUopebble.o)
                0x00001034                menu_layer_get_layer
 .text.menu_layer_set_click_config_onto_window
                0x00001040        0xc /home/erik/.pebble-sdk/SDKs/current/sdk-core/pebble/aplite/lib/libpebble.a(tmp7jpKUopebble.o)
                0x00001040                menu_layer_set_click_config_onto_window
 .text.number_window_create
                0x0000104c        0xc /home/erik/.pebble-sdk/SDKs/current/sdk-core/pebble/aplite/lib/libpebble.a(tmp7jpKUopebble.o)
                0x0000104c                number_window_create
 .text.number_window_destroy
                0x00001058        0xc /home/erik/.pebble-sdk/SDKs/current/sdk-core/pebble/aplite/lib/libpebble.a(tmp7jpKUopebble.o)
                0x00001058                number_window_destroy
 .text.number_window_get_value
                0x00001064        0xc /home/erik/.pebble-sdk/SDKs/current/sdk-core/pebble/aplite/lib/libpebble.a(tmp7jpKUopebble.o)
                0x00001064                number_window_get_value
 .text.number_window_set_max
                0x00001070        0xc /home/erik/.pebble-sdk/SDKs/current/sdk-core/pebble/aplite/lib/libpebble.a(tmp7jpKUopebble.o)
                0x00001070                number_window_set_max
 .text.number_window_set_min
                0x0000107c        0xc /home/erik/.pebble-sdk/SDKs/current/sdk-core/pebble/aplite/lib/libpebble.a(tmp7jpKUopebble.o)
                0x0000107c                number_window_set_min
 .text.number_window_set_value
                0x00001088        0xc /home/erik/.pebble-sdk/SDKs/current/sdk-core/pebble/aplite/lib/libpebble.a(tmp7jpKUopebble.o)
                0x00001088                number_window_set_value
 .text.persist_exists
                0x00001094        0xc /home/erik/.pebble-sdk/SDKs/current/sdk-core/pebble/aplite/lib/libpebble.a(tmp7jpKUopebble.o)
                0x00001094                persist_exists
 .text.persist_read_bool
                0x000010a0        0xc /home/erik/.pebble-sdk/SDKs/current/sdk-core/pebble/aplite/lib/libpebble.a(tmp7jpKUopebble.o)
                0x000010a0                persist_read_bool
 .text.persist_read_int
                0x000010ac        0xc /home/erik/.pebble-sdk/SDKs/current/sdk-core/pebble/aplite/lib/libpebble.a(tmp7jpKUopebble.o)
                0x000010ac                persist_read_int
 .text.persist_write_bool
                0x000010b8        0xc /home/erik/.pebble-sdk/SDKs/current/sdk-core/pebble/aplite/lib/libpebble.a(tmp7jpKUopebble.o)
                0x000010b8                persist_write_bool
 .text.persist_write_int
                0x000010c4        0xc /home/erik/.pebble-sdk/SDKs/current/sdk-core/pebble/aplite/lib/libpebble.a(tmp7jpKUopebble.o)
                0x000010c4                persist_write_int
 .text.snprintf
                0x000010d0        0xc /home/erik/.pebble-sdk/SDKs/current/sdk-core/pebble/aplite/lib/libpebble.a(tmp7jpKUopebble.o)
                0x000010d0                snprintf
 .text.strftime
                0x000010dc        0xc /home/erik/.pebble-sdk/SDKs/current/sdk-core/pebble/aplite/lib/libpebble.a(tmp7jpKUopebble.o)
                0x000010dc                strftime
 .text.tick_timer_service_subscribe
                0x000010e8        0xc /home/erik/.pebble-sdk/SDKs/current/sdk-core/pebble/aplite/lib/libpebble.a(tmp7jpKUopebble.o)
                0x000010e8                tick_timer_service_subscribe
 .text.tick_timer_service_unsubscribe
                0x000010f4        0xc /home/erik/.pebble-sdk/SDKs/current/sdk-core/pebble/aplite/lib/libpebble.a(tmp7jpKUopebble.o)
                0x000010f4                tick_timer_service_unsubscribe
 .text.window_create
                0x00001100        0xc /home/erik/.pebble-sdk/SDKs/current/sdk-core/pebble/aplite/lib/libpebble.a(tmp7jpKUopebble.o)
                0x00001100                window_create
 .text.window_destroy
                0x0000110c        0xc /home/erik/.pebble-sdk/SDKs/current/sdk-core/pebble/aplite/lib/libpebble.a(tmp7jpKUopebble.o)
                0x0000110c                window_destroy
 .text.window_get_root_layer
                0x00001118        0xc /home/erik/.pebble-sdk/SDKs/current/sdk-core/pebble/aplite/lib/libpebble.a(tmp7jpKUopebble.o)
                0x00001118                window_get_root_layer
 .text.window_set_click_config_provider
                0x00001124        0xc /home/erik/.pebble-sdk/SDKs/current/sdk-core/pebble/aplite/lib/libpebble.a(tmp7jpKUopebble.o)
                0x00001124                window_set_click_config_provider
 .text.window_set_window_handlers
                0x00001130        0xc /home/erik/.pebble-sdk/SDKs/current/sdk-core/pebble/aplite/lib/libpebble.a(tmp7jpKUopebble.o)
                0x00001130                window_set_window_handlers
 .text.window_stack_pop
                0x0000113c        0xc /home/erik/.pebble-sdk/SDKs/current/sdk-core/pebble/aplite/lib/libpebble.a(tmp7jpKUopebble.o)
                0x0000113c                window_stack_pop
 .text.window_stack_push
                0x00001148        0xc /home/erik/.pebble-sdk/SDKs/current/sdk-core/pebble/aplite/lib/libpebble.a(tmp7jpKUopebble.o)
                0x00001148                window_stack_push
 .text.app_message_outbox_begin
                0x00001154        0xc /home/erik/.pebble-sdk/SDKs/current/sdk-core/pebble/aplite/lib/libpebble.a(tmp7jpKUopebble.o)
                0x00001154                app_message_outbox_begin
 .text.app_message_outbox_send
                0x00001160        0xc /home/erik/.pebble-sdk/SDKs/current/sdk-core/pebble/aplite/lib/libpebble.a(tmp7jpKUopebble.o)
                0x00001160                app_message_outbox_send
 .text.app_message_register_inbox_received
                0x0000116c        0xc /home/erik/.pebble-sdk/SDKs/current/sdk-core/pebble/aplite/lib/libpebble.a(tmp7jpKUopebble.o)
                0x0000116c                app_message_register_inbox_received
 .text.window_single_click_subscribe
                0x00001178        0xc /home/erik/.pebble-sdk/SDKs/current/sdk-core/pebble/aplite/lib/libpebble.a(tmp7jpKUopebble.o)
                0x00001178                window_single_click_subscribe
 .text.window_single_repeating_click_subscribe
                0x00001184        0xc /home/erik/.pebble-sdk/SDKs/current/sdk-core/pebble/aplite/lib/libpebble.a(tmp7jpKUopebble.o)
                0x00001184                window_single_repeating_click_subscribe
 .text.number_window_get_window
                0x00001190        0xc /home/erik/.pebble-sdk/SDKs/current/sdk-core/pebble/aplite/lib/libpebble.a(tmp7jpKUopebble.o)
                0x00001190                number_window_get_window
 .text.localtime
                0x0000119c        0xc /home/erik/.pebble-sdk/SDKs/current/sdk-core/pebble/aplite/lib/libpebble.a(tmp7jpKUopebble.o)
                0x0000119c                localtime
 .text.menu_layer_create
                0x000011a8        0xc /home/erik/.pebble-sdk/SDKs/current/sdk-core/pebble/aplite/lib/libpebble.a(tmp7jpKUopebble.o)
                0x000011a8                menu_layer_create
 .text.action_bar_layer_add_to_window
                0x000011b4        0xc /home/erik/.pebble-sdk/SDKs/current/sdk-core/pebble/aplite/lib/libpebble.a(tmp7jpKUopebble.o)
                0x000011b4                action_bar_layer_add_to_window
 .text.action_bar_layer_create
                0x000011c0        0xc /home/erik/.pebble-sdk/SDKs/current/sdk-core/pebble/aplite/lib/libpebble.a(tmp7jpKUopebble.o)
                0x000011c0                action_bar_layer_create
 .text.action_bar_layer_destroy
                0x000011cc        0xc /home/erik/.pebble-sdk/SDKs/current/sdk-core/pebble/aplite/lib/libpebble.a(tmp7jpKUopebble.o)
                0x000011cc                action_bar_layer_destroy
 .text.action_bar_layer_remove_from_window
                0x000011d8        0xc /home/erik/.pebble-sdk/SDKs/current/sdk-core/pebble/aplite/lib/libpebble.a(tmp7jpKUopebble.o)
                0x000011d8                action_bar_layer_remove_from_window
 .text.action_bar_layer_set_click_config_provider
                0x000011e4        0xc /home/erik/.pebble-sdk/SDKs/current/sdk-core/pebble/aplite/lib/libpebble.a(tmp7jpKUopebble.o)
                0x000011e4                action_bar_layer_set_click_config_provider
 .text.action_bar_layer_set_icon_animated
                0x000011f0        0xc /home/erik/.pebble-sdk/SDKs/current/sdk-core/pebble/aplite/lib/libpebble.a(tmp7jpKUopebble.o)
                0x000011f0                action_bar_layer_set_icon_animated
 .text.text_layer_create
                0x000011fc        0xc /home/erik/.pebble-sdk/SDKs/current/sdk-core/pebble/aplite/lib/libpebble.a(tmp7jpKUopebble.o)
                0x000011fc                text_layer_create
 .text.text_layer_destroy
                0x00001208        0xc /home/erik/.pebble-sdk/SDKs/current/sdk-core/pebble/aplite/lib/libpebble.a(tmp7jpKUopebble.o)
                0x00001208                text_layer_destroy
 .text.text_layer_get_layer
                0x00001214        0xc /home/erik/.pebble-sdk/SDKs/current/sdk-core/pebble/aplite/lib/libpebble.a(tmp7jpKUopebble.o)
                0x00001214                text_layer_get_layer
 .text.text_layer_set_background_color
                0x00001220        0xc /home/erik/.pebble-sdk/SDKs/current/sdk-core/pebble/aplite/lib/libpebble.a(tmp7jpKUopebble.o)
                0x00001220                text_layer_set_background_color
 .text.text_layer_set_font
                0x0000122c        0xc /home/erik/.pebble-sdk/SDKs/current/sdk-core/pebble/aplite/lib/libpebble.a(tmp7jpKUopebble.o)
                0x0000122c                text_layer_set_font
 .text.text_layer_set_overflow_mode
                0x00001238        0xc /home/erik/.pebble-sdk/SDKs/current/sdk-core/pebble/aplite/lib/libpebble.a(tmp7jpKUopebble.o)
                0x00001238                text_layer_set_overflow_mode
 .text.text_layer_set_text
                0x00001244        0xc /home/erik/.pebble-sdk/SDKs/current/sdk-core/pebble/aplite/lib/libpebble.a(tmp7jpKUopebble.o)
                0x00001244                text_layer_set_text
 .text.text_layer_set_text_alignment
                0x00001250        0xc /home/erik/.pebble-sdk/SDKs/current/sdk-core/pebble/aplite/lib/libpebble.a(tmp7jpKUopebble.o)
                0x00001250                text_layer_set_text_alignment
 .text.text_layer_set_text_color
                0x0000125c        0xc /home/erik/.pebble-sdk/SDKs/current/sdk-core/pebble/aplite/lib/libpebble.a(tmp7jpKUopebble.o)
                0x0000125c                text_layer_set_text_color
 .text.time     0x00001268        0xc /home/erik/.pebble-sdk/SDKs/current/sdk-core/pebble/aplite/lib/libpebble.a(tmp7jpKUopebble.o)
                0x00001268                time
 .text.menu_layer_set_callbacks
                0x00001274        0xc /home/erik/.pebble-sdk/SDKs/current/sdk-core/pebble/aplite/lib/libpebble.a(tmp7jpKUopebble.o)
                0x00001274                menu_layer_set_callbacks
 *(.rodata)
 *(.rodata*)
 .rodata.window_load.str1.1
                0x00001280       0xec src/c/PeReader.c.49.o
                                 0x9f (size before relaxing)
 .rodata.inbox_received_handler.str1.1
                0x0000136c       0x13 src/c/PeReader.c.49.o
 .rodata.update_time.str1.1
                0x0000136c        0xd src/c/PeReader.c.49.o
 .rodata.menu_draw_row_callback.str1.1
                0x0000136c       0x2f src/c/settings.c.49.o

.glue_7         0x0000136c        0x0
 .glue_7        0x0000136c        0x0 linker stubs

.glue_7t        0x0000136c        0x0
 .glue_7t       0x0000136c        0x0 linker stubs

.vfp11_veneer   0x0000136c        0x0
 .vfp11_veneer  0x0000136c        0x0 linker stubs

.v4_bx          0x0000136c        0x0
 .v4_bx         0x0000136c        0x0 linker stubs

.init           0x0000136c        0x4
 .init          0x0000136c        0x4 /home/erik/.pebble-sdk/SDKs/4.9.169/toolchain/arm-none-eabi/bin/../lib/gcc/arm-none-eabi/14.2.1/thumb/v7-m/nofp/crti.o
                0x0000136c                _init

.fini           0x00001370        0x4
 .fini          0x00001370        0x4 /home/erik/.pebble-sdk/SDKs/4.9.169/toolchain/arm-none-eabi/bin/../lib/gcc/arm-none-eabi/14.2.1/thumb/v7-m/nofp/crti.o
                0x00001370                _fini

.iplt           0x00001374        0x0
 .iplt          0x00001374        0x0 src/c/PeReader.c.49.o

.rel.dyn        0x00001374        0x0
 .rel.iplt      0x00001374        0x0 src/c/PeReader.c.49.o
 .rel.got       0x00001374        0x0 src/c/PeReader.c.49.o

.data           0x00001374       0x10
 *(.data)
 .data          0x00001374        0x0 /home/erik/.pebble-sdk/SDKs/4.9.169/toolchain/arm-none-eabi/bin/../lib/gcc/arm-none-eabi/14.2.1/thumb/v7-m/nofp/crti.o
 .data          0x00001374        0x0 /home/erik/.pebble-sdk/SDKs/4.9.169/toolchain/arm-none-eabi/bin/../lib/gcc/arm-none-eabi/14.2.1/thumb/v7-m/nofp/crtbegin.o
 .data          0x00001374        0x0 /home/erik/.pebble-sdk/SDKs/4.9.169/toolchain/arm-none-eabi/bin/../lib/gcc/arm-none-eabi/14.2.1/../../../../arm-none-eabi/lib/thumb/v7-m/nofp/crt0.o
 .data          0x00001374        0x0 src/c/PeReader.c.49.o
 .data          0x00001374        0x0 src/c/settings.c.49.o
 .data          0x00001374        0x0 aplite/appinfo.auto.c.49.o
 .data          0x00001374        0x0 aplite/src/resource_ids.auto.c.49.o
 .data          0x00001374        0x0 src/message_keys.auto.c.49.o
 .data          0x00001374        0x0 /home/erik/.pebble-sdk/SDKs/current/sdk-core/pebble/aplite/lib/libpebble.a(tmp7jpKUopebble.o)
 .data          0x00001374        0x0 /home/erik/.pebble-sdk/SDKs/4.9.169/toolchain/arm-none-eabi/bin/../lib/gcc/arm-none-eabi/14.2.1/thumb/v7-m/nofp/libgcc.a(_arm_mulsf3.o)
 .data          0x00001374        0x0 /home/erik/.pebble-sdk/SDKs/4.9.169/toolchain/arm-none-eabi/bin/../lib/gcc/arm-none-eabi/14.2.1/thumb/v7-m/nofp/libgcc.a(_arm_addsubsf3.o)
 .data          0x00001374        0x0 /home/erik/.pebble-sdk/SDKs/4.9.169/toolchain/arm-none-eabi/bin/../lib/gcc/arm-none-eabi/14.2.1/thumb/v7-m/nofp/libgcc.a(_arm_muldivsf3.o)
 .data          0x00001374        0x0 /home/erik/.pebble-sdk/SDKs/4.9.169/toolchain/arm-none-eabi/bin/../lib/gcc/arm-none-eabi/14.2.1/thumb/v7-m/nofp/libgcc.a(_arm_fixsfsi.o)
 .data          0x00001374        0x0 /home/erik/.pebble-sdk/SDKs/4.9.169/toolchain/arm-none-eabi/bin/../lib/gcc/arm-none-eabi/14.2.1/thumb/v7-m/nofp/libgcc.a(_arm_fixunssfsi.o)
 .data          0x00001374        0x0 /home/erik/.pebble-sdk/SDKs/4.9.169/toolchain/arm-none-eabi/bin/../lib/gcc/arm-none-eabi/14.2.1/../../../../arm-none-eabi/lib/thumb/v7-m/nofp/libc.a(libc_a-atexit.o)
 .data          0x00001374        0x0 /home/erik/.pebble-sdk/SDKs/4.9.169/toolchain/arm-none-eabi/bin/../lib/gcc/arm-none-eabi/14.2.1/../../../../arm-none-eabi/lib/thumb/v7-m/nofp/libc.a(libc_a-exit.o)
 .data          0x00001374        0x0 /home/erik/.pebble-sdk/SDKs/4.9.169/toolchain/arm-none-eabi/bin/../lib/gcc/arm-none-eabi/14.2.1/../../../../arm-none-eabi/lib/thumb/v7-m/nofp/libc.a(libc_a-findfp.o)
 .data          0x00001374        0x0 /home/erik/.pebble-sdk/SDKs/4.9.169/toolchain/arm-none-eabi/bin/../lib/gcc/arm-none-eabi/14.2.1/../../../../arm-none-eabi/lib/thumb/v7-m/nofp/libc.a(libc_a-fwalk.o)
 .data          0x00001374        0x0 /home/erik/.pebble-sdk/SDKs/4.9.169/toolchain/arm-none-eabi/bin/../lib/gcc/arm-none-eabi/14.2.1/../../../../arm-none-eabi/lib/thumb/v7-m/nofp/libc.a(libc_a-stdio.o)
 .data          0x00001374        0x0 /home/erik/.pebble-sdk/SDKs/4.9.169/toolchain/arm-none-eabi/bin/../lib/gcc/arm-none-eabi/14.2.1/../../../../arm-none-eabi/lib/thumb/v7-m/nofp/libc.a(libc_a-closer.o)
 .data          0x00001374        0x0 /home/erik/.pebble-sdk/SDKs/4.9.169/toolchain/arm-none-eabi/bin/../lib/gcc/arm-none-eabi/14.2.1/../../../../arm-none-eabi/lib/thumb/v7-m/nofp/libc.a(libc_a-reent.o)
 .data          0x00001374        0x0 /home/erik/.pebble-sdk/SDKs/4.9.169/toolchain/arm-none-eabi/bin/../lib/gcc/arm-none-eabi/14.2.1/../../../../arm-none-eabi/lib/thumb/v7-m/nofp/libc.a(libc_a-impure.o)
 .data          0x00001374        0x0 /home/erik/.pebble-sdk/SDKs/4.9.169/toolchain/arm-none-eabi/bin/../lib/gcc/arm-none-eabi/14.2.1/../../../../arm-none-eabi/lib/thumb/v7-m/nofp/libc.a(libc_a-lseekr.o)
 .data          0x00001374        0x0 /home/erik/.pebble-sdk/SDKs/4.9.169/toolchain/arm-none-eabi/bin/../lib/gcc/arm-none-eabi/14.2.1/../../../../arm-none-eabi/lib/thumb/v7-m/nofp/libc.a(libc_a-readr.o)
 .data          0x00001374        0x0 /home/erik/.pebble-sdk/SDKs/4.9.169/toolchain/arm-none-eabi/bin/../lib/gcc/arm-none-eabi/14.2.1/../../../../arm-none-eabi/lib/thumb/v7-m/nofp/libc.a(libc_a-writer.o)
 .data          0x00001374        0x0 /home/erik/.pebble-sdk/SDKs/4.9.169/toolchain/arm-none-eabi/bin/../lib/gcc/arm-none-eabi/14.2.1/../../../../arm-none-eabi/lib/thumb/v7-m/nofp/libc.a(libc_a-init.o)
 .data          0x00001374        0x0 /home/erik/.pebble-sdk/SDKs/4.9.169/toolchain/arm-none-eabi/bin/../lib/gcc/arm-none-eabi/14.2.1/../../../../arm-none-eabi/lib/thumb/v7-m/nofp/libc.a(libc_a-fini.o)
 .data          0x00001374        0x0 /home/erik/.pebble-sdk/SDKs/4.9.169/toolchain/arm-none-eabi/bin/../lib/gcc/arm-none-eabi/14.2.1/../../../../arm-none-eabi/lib/thumb/v7-m/nofp/libc.a(libc_a-lock.o)
 .data          0x00001374        0x0 /home/erik/.pebble-sdk/SDKs/4.9.169/toolchain/arm-none-eabi/bin/../lib/gcc/arm-none-eabi/14.2.1/../../../../arm-none-eabi/lib/thumb/v7-m/nofp/libc.a(libc_a-__atexit.o)
 .data          0x00001374        0x0 /home/erik/.pebble-sdk/SDKs/4.9.169/toolchain/arm-none-eabi/bin/../lib/gcc/arm-none-eabi/14.2.1/../../../../arm-none-eabi/lib/thumb/v7-m/nofp/libc.a(libc_a-__call_atexit.o)
 .data          0x00001374        0x0 /home/erik/.pebble-sdk/SDKs/4.9.169/toolchain/arm-none-eabi/bin/../lib/gcc/arm-none-eabi/14.2.1/../../../../arm-none-eabi/lib/thumb/v7-m/nofp/libc.a(libc_a-freer.o)
 .data          0x00001374        0x0 /home/erik/.pebble-sdk/SDKs/4.9.169/toolchain/arm-none-eabi/bin/../lib/gcc/arm-none-eabi/14.2.1/../../../../arm-none-eabi/lib/thumb/v7-m/nofp/libc.a(libc_a-mallocr.o)
 .data          0x00001374        0x0 /home/erik/.pebble-sdk/SDKs/4.9.169/toolchain/arm-none-eabi/bin/../lib/gcc/arm-none-eabi/14.2.1/../../../../arm-none-eabi/lib/thumb/v7-m/nofp/libc.a(libc_a-mlock.o)
 .data          0x00001374        0x0 /home/erik/.pebble-sdk/SDKs/4.9.169/toolchain/arm-none-eabi/bin/../lib/gcc/arm-none-eabi/14.2.1/../../../../arm-none-eabi/lib/thumb/v7-m/nofp/libc.a(libc_a-fclose.o)
 .data          0x00001374        0x0 /home/erik/.pebble-sdk/SDKs/4.9.169/toolchain/arm-none-eabi/bin/../lib/gcc/arm-none-eabi/14.2.1/../../../../arm-none-eabi/lib/thumb/v7-m/nofp/libc.a(libc_a-fflush.o)
 .data          0x00001374        0x0 /home/erik/.pebble-sdk/SDKs/4.9.169/toolchain/arm-none-eabi/bin/../lib/gcc/arm-none-eabi/14.2.1/../../../../arm-none-eabi/lib/thumb/v7-m/nofp/libc.a(libc_a-sbrkr.o)
 .data          0x00001374        0x0 /home/erik/.pebble-sdk/SDKs/4.9.169/toolchain/arm-none-eabi/bin/../lib/gcc/arm-none-eabi/14.2.1/../../../../arm-none-eabi/lib/thumb/v7-m/nofp/libc.a(libc_a-sysconf.o)
 .data          0x00001374        0x0 /home/erik/.pebble-sdk/SDKs/4.9.169/toolchain/arm-none-eabi/bin/../lib/gcc/arm-none-eabi/14.2.1/../../../../arm-none-eabi/lib/thumb/v7-m/nofp/libc.a(libc_a-errno.o)
 .data          0x00001374        0x0 /home/erik/.pebble-sdk/SDKs/4.9.169/toolchain/arm-none-eabi/bin/../lib/gcc/arm-none-eabi/14.2.1/thumb/v7-m/nofp/crtend.o
 .data          0x00001374        0x0 /home/erik/.pebble-sdk/SDKs/4.9.169/toolchain/arm-none-eabi/bin/../lib/gcc/arm-none-eabi/14.2.1/thumb/v7-m/nofp/crtn.o
 *(.data.*)
 .data.buffer.0
                0x00001374        0x6 src/c/PeReader.c.49.o
 *fill*         0x0000137a        0x2 
 .data.MESSAGE_KEY_TOTAL_PAGES
                0x0000137c        0x4 src/message_keys.auto.c.49.o
                0x0000137c                MESSAGE_KEY_TOTAL_PAGES
 .data.MESSAGE_KEY_PAGE_TEXT
                0x00001380        0x4 src/message_keys.auto.c.49.o
                0x00001380                MESSAGE_KEY_PAGE_TEXT

.igot.plt       0x00001384        0x0
 .igot.plt      0x00001384        0x0 src/c/PeReader.c.49.o

.got            0x00001384        0xc
 .got           0x00001384        0xc src/c/PeReader.c.49.o

.got.plt        0x00001390        0xc
 .got.plt       0x00001390        0xc src/c/PeReader.c.49.o
                0x00001390                _GLOBAL_OFFSET_TABLE_

.bss            0x0000139c      0x260
 *(.bss)
 *(.bss.*)
 .bss.pagebuffer.1
                0x0000139c       0x20 src/c/PeReader.c.49.o
 .bss.buffer.2  0x000013bc      0x200 src/c/PeReader.c.49.o
 .bss.actionbar_enabled
                0x000015bc        0x1 src/c/PeReader.c.49.o
 *fill*         0x000015bd        0x3 
 .bss.total_pages
                0x000015c0        0x4 src/c/PeReader.c.49.o
 .bss.current_page
                0x000015c4        0x4 src/c/PeReader.c.49.o
 .bss.skip_image
                0x000015c8        0x4 src/c/PeReader.c.49.o
 .bss.brightness_off_image
                0x000015cc        0x4 src/c/PeReader.c.49.o
 .bss.brightness_on_image
                0x000015d0        0x4 src/c/PeReader.c.49.o
 .bss.done_image
                0x000015d4        0x4 src/c/PeReader.c.49.o
 .bss.number_window
                0x000015d8        0x4 src/c/PeReader.c.49.o
 .bss.action_bar_layer
                0x000015dc        0x4 src/c/PeReader.c.49.o
 .bss.time_text_layer
                0x000015e0        0x4 src/c/PeReader.c.49.o
 .bss.page_text_layer
                0x000015e4        0x4 src/c/PeReader.c.49.o
 .bss.text_layer
                0x000015e8        0x4 src/c/PeReader.c.49.o
 .bss.window    0x000015ec        0x4 src/c/PeReader.c.49.o
 .bss.brightness
                0x000015f0        0x1 src/c/settings.c.49.o
 *fill*         0x000015f1        0x3 
 .bss.menu_layer
                0x000015f4        0x4 src/c/settings.c.49.o
 .bss.MESSAGE_KEY_PAGE_REQUEST
                0x000015f8        0x4 src/message_keys.auto.c.49.o
                0x000015f8                MESSAGE_KEY_PAGE_REQUEST

DISCARD
 libc.a(*)
 libm.a(*)
 libgcc.a(*)
 *(.eh_frame)
OUTPUT(/home/erik/Projects/PebbleProjects/PeReader/build/aplite/pebble-app.elf elf32-littlearm)
LOAD linker stubs
LOAD /home/erik/.pebble-sdk/SDKs/4.9.169/toolchain/arm-none-eabi/bin/../lib/gcc/arm-none-eabi/14.2.1/../../../../arm-none-eabi/lib/thumb/v7-m/nofp/libc.a
LOAD /home/erik/.pebble-sdk/SDKs/4.9.169/toolchain/arm-none-eabi/bin/../lib/gcc/arm-none-eabi/14.2.1/../../../../arm-none-eabi/lib/thumb/v7-m/nofp/libm.a
LOAD /home/erik/.pebble-sdk/SDKs/4.9.169/toolchain/arm-none-eabi/bin/../lib/gcc/arm-none-eabi/14.2.1/thumb/v7-m/nofp/libgcc.a

.ARM.attributes
                0x00000000       0x29
 .ARM.attributes
                0x00000000       0x1d /home/erik/.pebble-sdk/SDKs/4.9.169/toolchain/arm-none-eabi/bin/../lib/gcc/arm-none-eabi/14.2.1/thumb/v7-m/nofp/crti.o
 .ARM.attributes
                0x0000001d       0x2d /home/erik/.pebble-sdk/SDKs/4.9.169/toolchain/arm-none-eabi/bin/../lib/gcc/arm-none-eabi/14.2.1/thumb/v7-m/nofp/crtbegin.o
 .ARM.attributes
                0x0000004a       0x1b /home/erik/.pebble-sdk/SDKs/4.9.169/toolchain/arm-none-eabi/bin/../lib/gcc/arm-none-eabi/14.2.1/../../../../arm-none-eabi/lib/thumb/v7-m/nofp/crt0.o
 .ARM.attributes
                0x00000065       0x2d src/c/PeReader.c.49.o
 .ARM.attributes
                0x00000092       0x2d src/c/settings.c.49.o
 .ARM.attributes
                0x000000bf       0x2d aplite/appinfo.auto.c.49.o
 .ARM.attributes
                0x000000ec       0x2d aplite/src/resource_ids.auto.c.49.o
 .ARM.attributes
                0x00000119       0x2d src/message_keys.auto.c.49.o
 .ARM.attributes
                0x00000146       0x21 /home/erik/.pebble-sdk/SDKs/current/sdk-core/pebble/aplite/lib/libpebble.a(tmp7jpKUopebble.o)
 .ARM.attributes
                0x00000167       0x1d /home/erik/.pebble-sdk/SDKs/4.9.169/toolchain/arm-none-eabi/bin/../lib/gcc/arm-none-eabi/14.2.1/thumb/v7-m/nofp/libgcc.a(_arm_mulsf3.o)
 .ARM.attributes
                0x00000184       0x1d /home/erik/.pebble-sdk/SDKs/4.9.169/toolchain/arm-none-eabi/bin/../lib/gcc/arm-none-eabi/14.2.1/thumb/v7-m/nofp/libgcc.a(_arm_addsubsf3.o)
 .ARM.attributes
                0x000001a1       0x1d /home/erik/.pebble-sdk/SDKs/4.9.169/toolchain/arm-none-eabi/bin/../lib/gcc/arm-none-eabi/14.2.1/thumb/v7-m/nofp/libgcc.a(_arm_muldivsf3.o)
 .ARM.attributes
                0x000001be       0x1d /home/erik/.pebble-sdk/SDKs/4.9.169/toolchain/arm-none-eabi/bin/../lib/gcc/arm-none-eabi/14.2.1/thumb/v7-m/nofp/libgcc.a(_arm_fixsfsi.o)
 .ARM.attributes
                0x000001db       0x1d /home/erik/.pebble-sdk/SDKs/4.9.169/toolchain/arm-none-eabi/bin/../lib/gcc/arm-none-eabi/14.2.1/thumb/v7-m/nofp/libgcc.a(_arm_fixunssfsi.o)
 .ARM.attributes
                0x000001f8       0x2d /home/erik/.pebble-sdk/SDKs/4.9.169/toolchain/arm-none-eabi/bin/../lib/gcc/arm-none-eabi/14.2.1/../../../../arm-none-eabi/lib/thumb/v7-m/nofp/libc.a(libc_a-atexit.o)
 .ARM.attributes
                0x00000225       0x2d /home/erik/.pebble-sdk/SDKs/4.9.169/toolchain/arm-none-eabi/bin/../lib/gcc/arm-none-eabi/14.2.1/../../../../arm-none-eabi/lib/thumb/v7-m/nofp/libc.a(libc_a-exit.o)
 .ARM.attributes
                0x00000252       0x2d /home/erik/.pebble-sdk/SDKs/4.9.169/toolchain/arm-none-eabi/bin/../lib/gcc/arm-none-eabi/14.2.1/../../../../arm-none-eabi/lib/thumb/v7-m/nofp/libc.a(libc_a-findfp.o)
 .ARM.attributes
                0x0000027f       0x2d /home/erik/.pebble-sdk/SDKs/4.9.169/toolchain/arm-none-eabi/bin/../lib/gcc/arm-none-eabi/14.2.1/../../../../arm-none-eabi/lib/thumb/v7-m/nofp/libc.a(libc_a-fwalk.o)
 .ARM.attributes
                0x000002ac       0x2d /home/erik/.pebble-sdk/SDKs/4.9.169/toolchain/arm-none-eabi/bin/../lib/gcc/arm-none-eabi/14.2.1/../../../../arm-none-eabi/lib/thumb/v7-m/nofp/libc.a(libc_a-stdio.o)
 .ARM.attributes
                0x000002d9       0x2d /home/erik/.pebble-sdk/SDKs/4.9.169/toolchain/arm-none-eabi/bin/../lib/gcc/arm-none-eabi/14.2.1/../../../../arm-none-eabi/lib/thumb/v7-m/nofp/libc.a(libc_a-closer.o)
 .ARM.attributes
                0x00000306       0x2d /home/erik/.pebble-sdk/SDKs/4.9.169/toolchain/arm-none-eabi/bin/../lib/gcc/arm-none-eabi/14.2.1/../../../../arm-none-eabi/lib/thumb/v7-m/nofp/libc.a(libc_a-reent.o)
 .ARM.attributes
                0x00000333       0x2d /home/erik/.pebble-sdk/SDKs/4.9.169/toolchain/arm-none-eabi/bin/../lib/gcc/arm-none-eabi/14.2.1/../../../../arm-none-eabi/lib/thumb/v7-m/nofp/libc.a(libc_a-impure.o)
 .ARM.attributes
                0x00000360       0x2d /home/erik/.pebble-sdk/SDKs/4.9.169/toolchain/arm-none-eabi/bin/../lib/gcc/arm-none-eabi/14.2.1/../../../../arm-none-eabi/lib/thumb/v7-m/nofp/libc.a(libc_a-lseekr.o)
 .ARM.attributes
                0x0000038d       0x2d /home/erik/.pebble-sdk/SDKs/4.9.169/toolchain/arm-none-eabi/bin/../lib/gcc/arm-none-eabi/14.2.1/../../../../arm-none-eabi/lib/thumb/v7-m/nofp/libc.a(libc_a-readr.o)
 .ARM.attributes
                0x000003ba       0x2d /home/erik/.pebble-sdk/SDKs/4.9.169/toolchain/arm-none-eabi/bin/../lib/gcc/arm-none-eabi/14.2.1/../../../../arm-none-eabi/lib/thumb/v7-m/nofp/libc.a(libc_a-writer.o)
 .ARM.attributes
                0x000003e7       0x2d /home/erik/.pebble-sdk/SDKs/4.9.169/toolchain/arm-none-eabi/bin/../lib/gcc/arm-none-eabi/14.2.1/../../../../arm-none-eabi/lib/thumb/v7-m/nofp/libc.a(libc_a-init.o)
 .ARM.attributes
                0x00000414       0x2d /home/erik/.pebble-sdk/SDKs/4.9.169/toolchain/arm-none-eabi/bin/../lib/gcc/arm-none-eabi/14.2.1/../../../../arm-none-eabi/lib/thumb/v7-m/nofp/libc.a(libc_a-fini.o)
 .ARM.attributes
                0x00000441       0x2d /home/erik/.pebble-sdk/SDKs/4.9.169/toolchain/arm-none-eabi/bin/../lib/gcc/arm-none-eabi/14.2.1/../../../../arm-none-eabi/lib/thumb/v7-m/nofp/libc.a(libc_a-lock.o)
 .ARM.attributes
                0x0000046e       0x2d /home/erik/.pebble-sdk/SDKs/4.9.169/toolchain/arm-none-eabi/bin/../lib/gcc/arm-none-eabi/14.2.1/../../../../arm-none-eabi/lib/thumb/v7-m/nofp/libc.a(libc_a-__atexit.o)
 .ARM.attributes
                0x0000049b       0x2d /home/erik/.pebble-sdk/SDKs/4.9.169/toolchain/arm-none-eabi/bin/../lib/gcc/arm-none-eabi/14.2.1/../../../../arm-none-eabi/lib/thumb/v7-m/nofp/libc.a(libc_a-__call_atexit.o)
 .ARM.attributes
                0x000004c8       0x2d /home/erik/.pebble-sdk/SDKs/4.9.169/toolchain/arm-none-eabi/bin/../lib/gcc/arm-none-eabi/14.2.1/../../../../arm-none-eabi/lib/thumb/v7-m/nofp/libc.a(libc_a-freer.o)
 .ARM.attributes
                0x000004f5       0x2d /home/erik/.pebble-sdk/SDKs/4.9.169/toolchain/arm-none-eabi/bin/../lib/gcc/arm-none-eabi/14.2.1/../../../../arm-none-eabi/lib/thumb/v7-m/nofp/libc.a(libc_a-mallocr.o)
 .ARM.attributes
                0x00000522       0x2d /home/erik/.pebble-sdk/SDKs/4.9.169/toolchain/arm-none-eabi/bin/../lib/gcc/arm-none-eabi/14.2.1/../../../../arm-none-eabi/lib/thumb/v7-m/nofp/libc.a(libc_a-mlock.o)
 .ARM.attributes
                0x0000054f       0x2d /home/erik/.pebble-sdk/SDKs/4.9.169/toolchain/arm-none-eabi/bin/../lib/gcc/arm-none-eabi/14.2.1/../../../../arm-none-eabi/lib/thumb/v7-m/nofp/libc.a(libc_a-fclose.o)
 .ARM.attributes
                0x0000057c       0x2d /home/erik/.pebble-sdk/SDKs/4.9.169/toolchain/arm-none-eabi/bin/../lib/gcc/arm-none-eabi/14.2.1/../../../../arm-none-eabi/lib/thumb/v7-m/nofp/libc.a(libc_a-fflush.o)
 .ARM.attributes
                0x000005a9       0x2d /home/erik/.pebble-sdk/SDKs/4.9.169/toolchain/arm-none-eabi/bin/../lib/gcc/arm-none-eabi/14.2.1/../../../../arm-none-eabi/lib/thumb/v7-m/nofp/libc.a(libc_a-sbrkr.o)
 .ARM.attributes
                0x000005d6       0x2d /home/erik/.pebble-sdk/SDKs/4.9.169/toolchain/arm-none-eabi/bin/../lib/gcc/arm-none-eabi/14.2.1/../../../../arm-none-eabi/lib/thumb/v7-m/nofp/libc.a(libc_a-sysconf.o)
 .ARM.attributes
                0x00000603       0x2d /home/erik/.pebble-sdk/SDKs/4.9.169/toolchain/arm-none-eabi/bin/../lib/gcc/arm-none-eabi/14.2.1/../../../../arm-none-eabi/lib/thumb/v7-m/nofp/libc.a(libc_a-errno.o)
 .ARM.attributes
                0x00000630       0x2d /home/erik/.pebble-sdk/SDKs/4.9.169/toolchain/arm-none-eabi/bin/../lib/gcc/arm-none-eabi/14.2.1/thumb/v7-m/nofp/crtend.o
 .ARM.attributes
                0x0000065d       0x1d /home/erik/.pebble-sdk/SDKs/4.9.169/toolchain/arm-none-eabi/bin/../lib/gcc/arm-none-eabi/14.2.1/thumb/v7-m/nofp/crtn.o

.comment        0x00000000       0x39
 .comment       0x00000000       0x39 /home/erik/.pebble-sdk/SDKs/4.9.169/toolchain/arm-none-eabi/bin/../lib/gcc/arm-none-eabi/14.2.1/thumb/v7-m/nofp/crtbegin.o
                                 0x3a (size before relaxing)
 .comment       0x00000039       0x3a src/c/PeReader.c.49.o
 .comment       0x00000039       0x3a src/c/settings.c.49.o
 .comment       0x00000039       0x3a aplite/appinfo.auto.c.49.o
 .comment       0x00000039       0x3a aplite/src/resource_ids.auto.c.49.o
 .comment       0x00000039       0x3a src/message_keys.auto.c.49.o
 .comment       0x00000039       0x3a /home/erik/.pebble-sdk/SDKs/4.9.169/toolchain/arm-none-eabi/bin/../lib/gcc/arm-none-eabi/14.2.1/../../../../arm-none-eabi/lib/thumb/v7-m/nofp/libc.a(libc_a-atexit.o)
 .comment       0x00000039       0x3a /home/erik/.pebble-sdk/SDKs/4.9.169/toolchain/arm-none-eabi/bin/../lib/gcc/arm-none-eabi/14.2.1/../../../../arm-none-eabi/lib/thumb/v7-m/nofp/libc.a(libc_a-exit.o)
 .comment       0x00000039       0x3a /home/erik/.pebble-sdk/SDKs/4.9.169/toolchain/arm-none-eabi/bin/../lib/gcc/arm-none-eabi/14.2.1/../../../../arm-none-eabi/lib/thumb/v7-m/nofp/libc.a(libc_a-findfp.o)
 .comment       0x00000039       0x3a /home/erik/.pebble-sdk/SDKs/4.9.169/toolchain/arm-none-eabi/bin/../lib/gcc/arm-none-eabi/14.2.1/../../../../arm-none-eabi/lib/thumb/v7-m/nofp/libc.a(libc_a-fwalk.o)
 .comment       0x00000039       0x3a /home/erik/.pebble-sdk/SDKs/4.9.169/toolchain/arm-none-eabi/bin/../lib/gcc/arm-none-eabi/14.2.1/../../../../arm-none-eabi/lib/thumb/v7-m/nofp/libc.a(libc_a-stdio.o)
 .comment       0x00000039       0x3a /home/erik/.pebble-sdk/SDKs/4.9.169/toolchain/arm-none-eabi/bin/../lib/gcc/arm-none-eabi/14.2.1/../../../../arm-none-eabi/lib/thumb/v7-m/nofp/libc.a(libc_a-closer.o)
 .comment       0x00000039       0x3a /home/erik/.pebble-sdk/SDKs/4.9.169/toolchain/arm-none-eabi/bin/../lib/gcc/arm-none-eabi/14.2.1/../../../../arm-none-eabi/lib/thumb/v7-m/nofp/libc.a(libc_a-reent.o)
 .comment       0x00000039       0x3a /home/erik/.pebble-sdk/SDKs/4.9.169/toolchain/arm-none-eabi/bin/../lib/gcc/arm-none-eabi/14.2.1/../../../../arm-none-eabi/lib/thumb/v7-m/nofp/libc.a(libc_a-impure.o)
 .comment       0x00000039       0x3a /home/erik/.pebble-sdk/SDKs/4.9.169/toolchain/arm-none-eabi/bin/../lib/gcc/arm-none-eabi/14.2.1/../../../../arm-none-eabi/lib/thumb/v7-m/nofp/libc.a(libc_a-lseekr.o)
 .comment       0x00000039       0x3a /home/erik/.pebble-sdk/SDKs/4.9.169/toolchain/arm-none-eabi/bin/../lib/gcc/arm-none-eabi/14.2.1/../../../../arm-none-eabi/lib/thumb/v7-m/nofp/libc.a(libc_a-readr.o)
 .comment       0x00000039       0x3a /home/erik/.pebble-sdk/SDKs/4.9.169/toolchain/arm-none-eabi/bin/../lib/gcc/arm-none-eabi/14.2.1/../../../../arm-none-eabi/lib/thumb/v7-m/nofp/libc.a(libc_a-writer.o)
 .comment       0x00000039       0x3a /home/erik/.pebble-sdk/SDKs/4.9.169/toolchain/arm-none-eabi/bin/../lib/gcc/arm-none-eabi/14.2.1/../../../../arm-none-eabi/lib/thumb/v7-m/nofp/libc.a(libc_a-init.o)
 .comment       0x00000039       0x3a /home/erik/.pebble-sdk/SDKs/4.9.169/toolchain/arm-none-eabi/bin/../lib/gcc/arm-none-eabi/14.2.1/../../../../arm-none-eabi/lib/thumb/v7-m/nofp/libc.a(libc_a-fini.o)
 .comment       0x00000039       0x3a /home/erik/.pebble-sdk/SDKs/4.9.169/toolchain/arm-none-eabi/bin/../lib/gcc/arm-none-eabi/14.2.1/../../../../arm-none-eabi/lib/thumb/v7-m/nofp/libc.a(libc_a-lock.o)
 .comment       0x00000039       0x3a /home/erik/.pebble-sdk/SDKs/4.9.169/toolchain/arm-none-eabi/bin/../lib/gcc/arm-none-eabi/14.2.1/../../../../arm-none-eabi/lib/thumb/v7-m/nofp/libc.a(libc_a-__atexit.o)
 .comment       0x00000039       0x3a /home/erik/.pebble-sdk/SDKs/4.9.169/toolchain/arm-none-eabi/bin/../lib/gcc/arm-none-eabi/14.2.1/../../../../arm-none-eabi/lib/thumb/v7-m/nofp/libc.a(libc_a-__call_atexit.o)
 .comment       0x00000039       0x3a /home/erik/.pebble-sdk/SDKs/4.9.169/toolchain/arm-none-eabi/bin/../lib/gcc/arm-none-eabi/14.2.1/../../../../arm-none-eabi/lib/thumb/v7-m/nofp/libc.a(libc_a-freer.o)
 .comment       0x00000039       0x3a /home/erik/.pebble-sdk/SDKs/4.9.169/toolchain/arm-none-eabi/bin/../lib/gcc/arm-none-eabi/14.2.1/../../../../arm-none-eabi/lib/thumb/v7-m/nofp/libc.a(libc_a-mallocr.o)
 .comment       0x00000039       0x3a /home/erik/.pebble-sdk/SDKs/4.9.169/toolchain/arm-none-eabi/bin/../lib/gcc/arm-none-eabi/14.2.1/../../../../arm-none-eabi/lib/thumb/v7-m/nofp/libc.a(libc_a-mlock.o)
 .comment       0x00000039       0x3a /home/erik/.pebble-sdk/SDKs/4.9.169/toolchain/arm-none-eabi/bin/../lib/gcc/arm-none-eabi/14.2.1/../../../../arm-none-eabi/lib/thumb/v7-m/nofp/libc.a(libc_a-fclose.o)
 .comment       0x00000039       0x3a /home/erik/.pebble-sdk/SDKs/4.9.169/toolchain/arm-none-eabi/bin/../lib/gcc/arm-none-eabi/14.2.1/../../../../arm-none-eabi/lib/thumb/v7-m/nofp/libc.a(libc_a-fflush.o)
 .comment       0x00000039       0x3a /home/erik/.pebble-sdk/SDKs/4.9.169/toolchain/arm-none-eabi/bin/../lib/gcc/arm-none-eabi/14.2.1/../../../../arm-none-eabi/lib/thumb/v7-m/nofp/libc.a(libc_a-sbrkr.o)
 .comment       0x00000039       0x3a /home/erik/.pebble-sdk/SDKs/4.9.169/toolchain/arm-none-eabi/bin/../lib/gcc/arm-none-eabi/14.2.1/../../../../arm-none-eabi/lib/thumb/v7-m/nofp/libc.a(libc_a-sysconf.o)
 .comment       0x00000039       0x3a /home/erik/.pebble-sdk/SDKs/4.9.169/toolchain/arm-none-eabi/bin/../lib/gcc/arm-none-eabi/14.2.1/../../../../arm-none-eabi/lib/thumb/v7-m/nofp/libc.a(libc_a-errno.o)
 .comment       0x00000039       0x3a /home/erik/.pebble-sdk/SDKs/4.9.169/toolchain/arm-none-eabi/bin/../lib/gcc/arm-none-eabi/14.2.1/thumb/v7-m/nofp/crtend.o

.debug_info     0x00000000     0x2910
 .debug_info    0x00000000     0x1b37 src/c/PeReader.c.49.o
 .debug_info    0x00001b37      0x921 src/c/settings.c.49.o
 .debug_info    0x00002458      0x33e aplite/appinfo.auto.c.49.o
 .debug_info    0x00002796       0xcd aplite/src/resource_ids.auto.c.49.o
 .debug_info    0x00002863       0xad src/message_keys.auto.c.49.o

.debug_abbrev   0x00000000      0x7da
 .debug_abbrev  0x00000000      0x422 src/c/PeReader.c.49.o
 .debug_abbrev  0x00000422      0x26b src/c/settings.c.49.o
 .debug_abbrev  0x0000068d       0xb9 aplite/appinfo.auto.c.49.o
 .debug_abbrev  0x00000746       0x4a aplite/src/resource_ids.auto.c.49.o
 .debug_abbrev  0x00000790       0x4a src/message_keys.auto.c.49.o

.debug_loclists
                0x00000000      0x5f4
 .debug_loclists
                0x00000000      0x3f3 src/c/PeReader.c.49.o
 .debug_loclists
                0x000003f3      0x201 src/c/settings.c.49.o

.debug_aranges  0x00000000      0x148
 .debug_aranges
                0x00000000       0xa0 src/c/PeReader.c.49.o
 .debug_aranges
                0x000000a0       0x60 src/c/settings.c.49.o
 .debug_aranges
                0x00000100       0x18 aplite/appinfo.auto.c.49.o
 .debug_aranges
                0x00000118       0x18 aplite/src/resource_ids.auto.c.49.o
 .debug_aranges
                0x00000130       0x18 src/message_keys.auto.c.49.o

.debug_rnglists
                0x00000000       0xed
 .debug_rnglists
                0x00000000       0x9e src/c/PeReader.c.49.o
 .debug_rnglists
                0x0000009e       0x4f src/c/settings.c.49.o

.debug_line     0x00000000      0xee2
 .debug_line    0x00000000      0x83e src/c/PeReader.c.49.o
 .debug_line    0x0000083e      0x327 src/c/settings.c.49.o
 .debug_line    0x00000b65      0x164 aplite/appinfo.auto.c.49.o
 .debug_line    0x00000cc9      0x110 aplite/src/resource_ids.auto.c.49.o
 .debug_line    0x00000dd9      0x109 src/message_keys.auto.c.49.o

.debug_str      0x00000000     0x1685
 .debug_str     0x00000000     0x1685 src/c/PeReader.c.49.o
                                0xfd8 (size before relaxing)
 .debug_str     0x00001685      0x6c0 src/c/settings.c.49.o
 .debug_str     0x00001685      0x4d4 aplite/appinfo.auto.c.49.o
 .debug_str     0x00001685      0x206 aplite/src/resource_ids.auto.c.49.o
 .debug_str     0x00001685      0x1bc src/message_keys.auto.c.49.o

.debug_frame    0x00000000      0x30c
 .debug_frame   0x00000000      0x220 src/c/PeReader.c.49.o
 .debug_frame   0x00000220       0xec src/c/settings.c.49.o
