Archive member included because of file (symbol)

/home/erik/.pebble-sdk/SDKs/current/sdk-core/pebble/aplite/lib/libpebble.a(tmp7jpKUopebble.o)
                              src/c/PeReader.c.33.o (app_event_loop)
/home/erik/pebble-dev/pebble-sdk-4.6-rc2-linux64/arm-cs-tools/bin/../lib/gcc/arm-none-eabi/4.7.2/thumb2/libgcc.a(_arm_addsubsf3.o)
                              src/c/PeReader.c.33.o (__aeabi_ui2f)
/home/erik/pebble-dev/pebble-sdk-4.6-rc2-linux64/arm-cs-tools/bin/../lib/gcc/arm-none-eabi/4.7.2/thumb2/libgcc.a(_arm_muldivsf3.o)
                              src/c/PeReader.c.33.o (__aeabi_fmul)
/home/erik/pebble-dev/pebble-sdk-4.6-rc2-linux64/arm-cs-tools/bin/../lib/gcc/arm-none-eabi/4.7.2/thumb2/libgcc.a(_arm_fixsfsi.o)
                              src/c/PeReader.c.33.o (__aeabi_f2iz)
/home/erik/pebble-dev/pebble-sdk-4.6-rc2-linux64/arm-cs-tools/bin/../lib/gcc/arm-none-eabi/4.7.2/thumb2/libgcc.a(_arm_fixunssfsi.o)
                              src/c/PeReader.c.33.o (__aeabi_f2uiz)

Discarded input sections

 .text          0x0000000000000000        0x0 /home/erik/pebble-dev/pebble-sdk-4.6-rc2-linux64/arm-cs-tools/bin/../lib/gcc/arm-none-eabi/4.7.2/thumb2/crti.o
 .bss           0x0000000000000000        0x0 /home/erik/pebble-dev/pebble-sdk-4.6-rc2-linux64/arm-cs-tools/bin/../lib/gcc/arm-none-eabi/4.7.2/thumb2/crti.o
 .init          0x0000000000000000        0x4 /home/erik/pebble-dev/pebble-sdk-4.6-rc2-linux64/arm-cs-tools/bin/../lib/gcc/arm-none-eabi/4.7.2/thumb2/crti.o
 .fini          0x0000000000000000        0x4 /home/erik/pebble-dev/pebble-sdk-4.6-rc2-linux64/arm-cs-tools/bin/../lib/gcc/arm-none-eabi/4.7.2/thumb2/crti.o
 .text          0x0000000000000000       0xc8 /home/erik/pebble-dev/pebble-sdk-4.6-rc2-linux64/arm-cs-tools/bin/../lib/gcc/arm-none-eabi/4.7.2/thumb2/crtbegin.o
 .bss           0x0000000000000000       0x1c /home/erik/pebble-dev/pebble-sdk-4.6-rc2-linux64/arm-cs-tools/bin/../lib/gcc/arm-none-eabi/4.7.2/thumb2/crtbegin.o
 .init_array    0x0000000000000000        0x4 /home/erik/pebble-dev/pebble-sdk-4.6-rc2-linux64/arm-cs-tools/bin/../lib/gcc/arm-none-eabi/4.7.2/thumb2/crtbegin.o
 .fini_array    0x0000000000000000        0x4 /home/erik/pebble-dev/pebble-sdk-4.6-rc2-linux64/arm-cs-tools/bin/../lib/gcc/arm-none-eabi/4.7.2/thumb2/crtbegin.o
 .eh_frame      0x0000000000000000        0x0 /home/erik/pebble-dev/pebble-sdk-4.6-rc2-linux64/arm-cs-tools/bin/../lib/gcc/arm-none-eabi/4.7.2/thumb2/crtbegin.o
 .jcr           0x0000000000000000        0x0 /home/erik/pebble-dev/pebble-sdk-4.6-rc2-linux64/arm-cs-tools/bin/../lib/gcc/arm-none-eabi/4.7.2/thumb2/crtbegin.o
 .tm_clone_table
                0x0000000000000000        0x0 /home/erik/pebble-dev/pebble-sdk-4.6-rc2-linux64/arm-cs-tools/bin/../lib/gcc/arm-none-eabi/4.7.2/thumb2/crtbegin.o
 .text          0x0000000000000000        0x0 src/c/PeReader.c.33.o
 .bss           0x0000000000000000        0x0 src/c/PeReader.c.33.o
 .text          0x0000000000000000        0x0 aplite/appinfo.auto.c.33.o
 .bss           0x0000000000000000        0x0 aplite/appinfo.auto.c.33.o
 .text          0x0000000000000000        0x0 aplite/src/resource_ids.auto.c.33.o
 .bss           0x0000000000000000        0x0 aplite/src/resource_ids.auto.c.33.o
 .data.RESOURCE_ID_IMAGE_ICON
                0x0000000000000000        0x4 aplite/src/resource_ids.auto.c.33.o
 .data.RESOURCE_ID_IMAGE_EXIT
                0x0000000000000000        0x4 aplite/src/resource_ids.auto.c.33.o
 .data.RESOURCE_ID_IMAGE_BRIGHTNESS_AUTO
                0x0000000000000000        0x4 aplite/src/resource_ids.auto.c.33.o
 .data.RESOURCE_ID_IMAGE_BRIGHTNESS_ON
                0x0000000000000000        0x4 aplite/src/resource_ids.auto.c.33.o
 .data.RESOURCE_ID_IMAGE_PERCENT
                0x0000000000000000        0x4 aplite/src/resource_ids.auto.c.33.o
 .text          0x0000000000000000        0x0 src/message_keys.auto.c.33.o
 .bss           0x0000000000000000        0x0 src/message_keys.auto.c.33.o
 .bss           0x0000000000000000        0x0 /home/erik/.pebble-sdk/SDKs/current/sdk-core/pebble/aplite/lib/libpebble.a(tmp7jpKUopebble.o)
 .text.accel_data_service_subscribe__deprecated
                0x0000000000000000        0xc /home/erik/.pebble-sdk/SDKs/current/sdk-core/pebble/aplite/lib/libpebble.a(tmp7jpKUopebble.o)
 .text.accel_data_service_unsubscribe
                0x0000000000000000        0xc /home/erik/.pebble-sdk/SDKs/current/sdk-core/pebble/aplite/lib/libpebble.a(tmp7jpKUopebble.o)
 .text.accel_service_peek
                0x0000000000000000        0xc /home/erik/.pebble-sdk/SDKs/current/sdk-core/pebble/aplite/lib/libpebble.a(tmp7jpKUopebble.o)
 .text.accel_service_set_samples_per_update
                0x0000000000000000        0xc /home/erik/.pebble-sdk/SDKs/current/sdk-core/pebble/aplite/lib/libpebble.a(tmp7jpKUopebble.o)
 .text.accel_service_set_sampling_rate
[...]
Memory Configuration

Name             Origin             Length             Attributes
APP              0x0000000000000000 0x0000000000006000 xrw
*default*        0x0000000000000000 0xffffffffffffffff

Linker script and memory map

LOAD /home/erik/pebble-dev/pebble-sdk-4.6-rc2-linux64/arm-cs-tools/bin/../lib/gcc/arm-none-eabi/4.7.2/thumb2/crti.o
LOAD /home/erik/pebble-dev/pebble-sdk-4.6-rc2-linux64/arm-cs-tools/bin/../lib/gcc/arm-none-eabi/4.7.2/thumb2/crtbegin.o
LOAD src/c/PeReader.c.33.o
LOAD aplite/appinfo.auto.c.33.o
LOAD aplite/src/resource_ids.auto.c.33.o
LOAD src/message_keys.auto.c.33.o
LOAD /home/erik/.pebble-sdk/SDKs/current/sdk-core/pebble/aplite/lib/libpebble.a
START GROUP
LOAD /home/erik/pebble-dev/pebble-sdk-4.6-rc2-linux64/arm-cs-tools/bin/../lib/gcc/arm-none-eabi/4.7.2/thumb2/libgcc.a
LOAD /home/erik/pebble-dev/pebble-sdk-4.6-rc2-linux64/arm-cs-tools/bin/../lib/gcc/arm-none-eabi/4.7.2/../../../../arm-none-eabi/lib/thumb2/libc.a
END GROUP
LOAD /home/erik/pebble-dev/pebble-sdk-4.6-rc2-linux64/arm-cs-tools/bin/../lib/gcc/arm-none-eabi/4.7.2/thumb2/crtend.o
LOAD /home/erik/pebble-dev/pebble-sdk-4.6-rc2-linux64/arm-cs-tools/bin/../lib/gcc/arm-none-eabi/4.7.2/thumb2/crtn.o

.header         0x0000000000000000       0x82
 *(.pbl_header)
 .pbl_header    0x0000000000000000       0x82 aplite/appinfo.auto.c.33.o
                0x0000000000000000                __pbl_app_info

.note.gnu.build-id
                0x0000000000000082       0x26
                0x0000000000000082                PROVIDE (BUILD_ID, .)
 *(.note.gnu.build-id)
 *fill*         0x0000000000000082        0x2 
 .note.gnu.build-id
                0x0000000000000084       0x24 linker stubs

.text           0x00000000000000a8     0x10c2
 *(.text)
 .text          0x00000000000000a8       0x14 /home/erik/.pebble-sdk/SDKs/current/sdk-core/pebble/aplite/lib/libpebble.a(tmp7jpKUopebble.o)
 .text          0x00000000000000bc      0x21c /home/erik/pebble-dev/pebble-sdk-4.6-rc2-linux64/arm-cs-tools/bin/../lib/gcc/arm-none-eabi/4.7.2/thumb2/libgcc.a(_arm_addsubsf3.o)
                0x00000000000000bc                __aeabi_frsub
                0x00000000000000c4                __subsf3
                0x00000000000000c4                __aeabi_fsub
                0x00000000000000c8                __aeabi_fadd
                0x00000000000000c8                __addsf3
                0x0000000000000228                __aeabi_ui2f
                0x0000000000000228                __floatunsisf
                0x0000000000000230                __aeabi_i2f
                0x0000000000000230                __floatsisf
                0x000000000000024c                __floatundisf
                0x000000000000024c                __aeabi_ul2f
                0x000000000000025c                __floatdisf
                0x000000000000025c                __aeabi_l2f
 .text          0x00000000000002d8      0x2a0 /home/erik/pebble-dev/pebble-sdk-4.6-rc2-linux64/arm-cs-tools/bin/../lib/gcc/arm-none-eabi/4.7.2/thumb2/libgcc.a(_arm_muldivsf3.o)
                0x00000000000002d8                __mulsf3
                0x00000000000002d8                __aeabi_fmul
                0x0000000000000440                __divsf3
                0x0000000000000440                __aeabi_fdiv
 .text          0x0000000000000578       0x4c /home/erik/pebble-dev/pebble-sdk-4.6-rc2-linux64/arm-cs-tools/bin/../lib/gcc/arm-none-eabi/4.7.2/thumb2/libgcc.a(_arm_fixsfsi.o)
                0x0000000000000578                __fixsfsi
                0x0000000000000578                __aeabi_f2iz
 .text          0x00000000000005c4       0x40 /home/erik/pebble-dev/pebble-sdk-4.6-rc2-linux64/arm-cs-tools/bin/../lib/gcc/arm-none-eabi/4.7.2/thumb2/libgcc.a(_arm_fixunssfsi.o)
                0x00000000000005c4                __aeabi_f2uiz
                0x00000000000005c4                __fixunssfsi
 *(.text.*)
 .text.request_page
                0x0000000000000604       0x38 src/c/PeReader.c.33.o
 .text.down_click_handler
                0x000000000000063c       0x20 src/c/PeReader.c.33.o
 .text.up_click_handler
                0x000000000000065c       0x2c src/c/PeReader.c.33.o
 .text.inbox_received_handler
                0x0000000000000688      0x10c src/c/PeReader.c.33.o
 .text.window_unload
                0x0000000000000794       0x7c src/c/PeReader.c.33.o
 .text.window_load
                0x0000000000000810      0x220 src/c/PeReader.c.33.o
 .text.number_window_select_callback
                0x0000000000000a30       0x58 src/c/PeReader.c.33.o
 .text.back_click_handler
                0x0000000000000a88        0x6 src/c/PeReader.c.33.o
 *fill*         0x0000000000000a8e        0x2 
 .text.action_bar_click_config_provider
                0x0000000000000a90       0x3c src/c/PeReader.c.33.o
 .text.click_config_provider
                0x0000000000000acc       0x58 src/c/PeReader.c.33.o
 .text.action_bar_up_click_handler
                0x0000000000000b24       0x60 src/c/PeReader.c.33.o
 .text.update_time
                0x0000000000000b84       0x80 src/c/PeReader.c.33.o
 .text.select_click_handler
                0x0000000000000c04       0x5c src/c/PeReader.c.33.o
 .text.tick_handler
                0x0000000000000c60        0x4 src/c/PeReader.c.33.o
 .text.action_bar_select_click_handler
                0x0000000000000c64       0x50 src/c/PeReader.c.33.o
 .text.action_bar_down_click_handler
                0x0000000000000cb4       0xa0 src/c/PeReader.c.33.o
 .text.startup.main
                0x0000000000000d54       0xdc src/c/PeReader.c.33.o
                0x0000000000000d54                main
 .text.app_event_loop
                0x0000000000000e30        0xc /home/erik/.pebble-sdk/SDKs/current/sdk-core/pebble/aplite/lib/libpebble.a(tmp7jpKUopebble.o)
                0x0000000000000e30                app_event_loop
 .text.app_message_open
                0x0000000000000e3c        0xc /home/erik/.pebble-sdk/SDKs/current/sdk-core/pebble/aplite/lib/libpebble.a(tmp7jpKUopebble.o)
                0x0000000000000e3c                app_message_open
 .text.clock_is_24h_style
                0x0000000000000e48        0xc /home/erik/.pebble-sdk/SDKs/current/sdk-core/pebble/aplite/lib/libpebble.a(tmp7jpKUopebble.o)
                0x0000000000000e48                clock_is_24h_style
 .text.dict_find
                0x0000000000000e54        0xc /home/erik/.pebble-sdk/SDKs/current/sdk-core/pebble/aplite/lib/libpebble.a(tmp7jpKUopebble.o)
                0x0000000000000e54                dict_find
 .text.dict_write_int
                0x0000000000000e60        0xc /home/erik/.pebble-sdk/SDKs/current/sdk-core/pebble/aplite/lib/libpebble.a(tmp7jpKUopebble.o)
                0x0000000000000e60                dict_write_int
 .text.fonts_get_system_font
                0x0000000000000e6c        0xc /home/erik/.pebble-sdk/SDKs/current/sdk-core/pebble/aplite/lib/libpebble.a(tmp7jpKUopebble.o)
                0x0000000000000e6c                fonts_get_system_font
 .text.gbitmap_create_with_resource
                0x0000000000000e78        0xc /home/erik/.pebble-sdk/SDKs/current/sdk-core/pebble/aplite/lib/libpebble.a(tmp7jpKUopebble.o)
                0x0000000000000e78                gbitmap_create_with_resource
 .text.gbitmap_destroy
                0x0000000000000e84        0xc /home/erik/.pebble-sdk/SDKs/current/sdk-core/pebble/aplite/lib/libpebble.a(tmp7jpKUopebble.o)
                0x0000000000000e84                gbitmap_destroy
 .text.layer_add_child
                0x0000000000000e90        0xc /home/erik/.pebble-sdk/SDKs/current/sdk-core/pebble/aplite/lib/libpebble.a(tmp7jpKUopebble.o)
                0x0000000000000e90                layer_add_child
 .text.layer_get_bounds
                0x0000000000000e9c        0xc /home/erik/.pebble-sdk/SDKs/current/sdk-core/pebble/aplite/lib/libpebble.a(tmp7jpKUopebble.o)
                0x0000000000000e9c                layer_get_bounds
 .text.light_enable
                0x0000000000000ea8        0xc /home/erik/.pebble-sdk/SDKs/current/sdk-core/pebble/aplite/lib/libpebble.a(tmp7jpKUopebble.o)
                0x0000000000000ea8                light_enable
 .text.memset   0x0000000000000eb4        0xc /home/erik/.pebble-sdk/SDKs/current/sdk-core/pebble/aplite/lib/libpebble.a(tmp7jpKUopebble.o)
                0x0000000000000eb4                memset
 .text.number_window_create
                0x0000000000000ec0        0xc /home/erik/.pebble-sdk/SDKs/current/sdk-core/pebble/aplite/lib/libpebble.a(tmp7jpKUopebble.o)
                0x0000000000000ec0                number_window_create
 .text.number_window_destroy
                0x0000000000000ecc        0xc /home/erik/.pebble-sdk/SDKs/current/sdk-core/pebble/aplite/lib/libpebble.a(tmp7jpKUopebble.o)
                0x0000000000000ecc                number_window_destroy
 .text.number_window_get_value
                0x0000000000000ed8        0xc /home/erik/.pebble-sdk/SDKs/current/sdk-core/pebble/aplite/lib/libpebble.a(tmp7jpKUopebble.o)
                0x0000000000000ed8                number_window_get_value
 .text.number_window_set_max
                0x0000000000000ee4        0xc /home/erik/.pebble-sdk/SDKs/current/sdk-core/pebble/aplite/lib/libpebble.a(tmp7jpKUopebble.o)
                0x0000000000000ee4                number_window_set_max
 .text.number_window_set_min
                0x0000000000000ef0        0xc /home/erik/.pebble-sdk/SDKs/current/sdk-core/pebble/aplite/lib/libpebble.a(tmp7jpKUopebble.o)
                0x0000000000000ef0                number_window_set_min
 .text.number_window_set_value
                0x0000000000000efc        0xc /home/erik/.pebble-sdk/SDKs/current/sdk-core/pebble/aplite/lib/libpebble.a(tmp7jpKUopebble.o)
                0x0000000000000efc                number_window_set_value
 .text.persist_exists
                0x0000000000000f08        0xc /home/erik/.pebble-sdk/SDKs/current/sdk-core/pebble/aplite/lib/libpebble.a(tmp7jpKUopebble.o)
                0x0000000000000f08                persist_exists
 .text.persist_read_bool
                0x0000000000000f14        0xc /home/erik/.pebble-sdk/SDKs/current/sdk-core/pebble/aplite/lib/libpebble.a(tmp7jpKUopebble.o)
                0x0000000000000f14                persist_read_bool
 .text.persist_read_int
                0x0000000000000f20        0xc /home/erik/.pebble-sdk/SDKs/current/sdk-core/pebble/aplite/lib/libpebble.a(tmp7jpKUopebble.o)
                0x0000000000000f20                persist_read_int
 .text.persist_write_bool
                0x0000000000000f2c        0xc /home/erik/.pebble-sdk/SDKs/current/sdk-core/pebble/aplite/lib/libpebble.a(tmp7jpKUopebble.o)
                0x0000000000000f2c                persist_write_bool
 .text.persist_write_int
                0x0000000000000f38        0xc /home/erik/.pebble-sdk/SDKs/current/sdk-core/pebble/aplite/lib/libpebble.a(tmp7jpKUopebble.o)
                0x0000000000000f38                persist_write_int
 .text.snprintf
                0x0000000000000f44        0xc /home/erik/.pebble-sdk/SDKs/current/sdk-core/pebble/aplite/lib/libpebble.a(tmp7jpKUopebble.o)
                0x0000000000000f44                snprintf
 .text.strftime
                0x0000000000000f50        0xc /home/erik/.pebble-sdk/SDKs/current/sdk-core/pebble/aplite/lib/libpebble.a(tmp7jpKUopebble.o)
                0x0000000000000f50                strftime
 .text.tick_timer_service_subscribe
                0x0000000000000f5c        0xc /home/erik/.pebble-sdk/SDKs/current/sdk-core/pebble/aplite/lib/libpebble.a(tmp7jpKUopebble.o)
                0x0000000000000f5c                tick_timer_service_subscribe
 .text.tick_timer_service_unsubscribe
                0x0000000000000f68        0xc /home/erik/.pebble-sdk/SDKs/current/sdk-core/pebble/aplite/lib/libpebble.a(tmp7jpKUopebble.o)
                0x0000000000000f68                tick_timer_service_unsubscribe
 .text.window_create
                0x0000000000000f74        0xc /home/erik/.pebble-sdk/SDKs/current/sdk-core/pebble/aplite/lib/libpebble.a(tmp7jpKUopebble.o)
                0x0000000000000f74                window_create
 .text.window_destroy
                0x0000000000000f80        0xc /home/erik/.pebble-sdk/SDKs/current/sdk-core/pebble/aplite/lib/libpebble.a(tmp7jpKUopebble.o)
                0x0000000000000f80                window_destroy
 .text.window_get_root_layer
                0x0000000000000f8c        0xc /home/erik/.pebble-sdk/SDKs/current/sdk-core/pebble/aplite/lib/libpebble.a(tmp7jpKUopebble.o)
                0x0000000000000f8c                window_get_root_layer
 .text.window_set_click_config_provider
                0x0000000000000f98        0xc /home/erik/.pebble-sdk/SDKs/current/sdk-core/pebble/aplite/lib/libpebble.a(tmp7jpKUopebble.o)
                0x0000000000000f98                window_set_click_config_provider
 .text.window_set_window_handlers
                0x0000000000000fa4        0xc /home/erik/.pebble-sdk/SDKs/current/sdk-core/pebble/aplite/lib/libpebble.a(tmp7jpKUopebble.o)
                0x0000000000000fa4                window_set_window_handlers
 .text.window_stack_pop
                0x0000000000000fb0        0xc /home/erik/.pebble-sdk/SDKs/current/sdk-core/pebble/aplite/lib/libpebble.a(tmp7jpKUopebble.o)
                0x0000000000000fb0                window_stack_pop
 .text.window_stack_push
                0x0000000000000fbc        0xc /home/erik/.pebble-sdk/SDKs/current/sdk-core/pebble/aplite/lib/libpebble.a(tmp7jpKUopebble.o)
                0x0000000000000fbc                window_stack_push
 .text.app_message_outbox_begin
                0x0000000000000fc8        0xc /home/erik/.pebble-sdk/SDKs/current/sdk-core/pebble/aplite/lib/libpebble.a(tmp7jpKUopebble.o)
                0x0000000000000fc8                app_message_outbox_begin
 .text.app_message_outbox_send
                0x0000000000000fd4        0xc /home/erik/.pebble-sdk/SDKs/current/sdk-core/pebble/aplite/lib/libpebble.a(tmp7jpKUopebble.o)
                0x0000000000000fd4                app_message_outbox_send
 .text.app_message_register_inbox_received
                0x0000000000000fe0        0xc /home/erik/.pebble-sdk/SDKs/current/sdk-core/pebble/aplite/lib/libpebble.a(tmp7jpKUopebble.o)
                0x0000000000000fe0                app_message_register_inbox_received
 .text.window_single_click_subscribe
                0x0000000000000fec        0xc /home/erik/.pebble-sdk/SDKs/current/sdk-core/pebble/aplite/lib/libpebble.a(tmp7jpKUopebble.o)
                0x0000000000000fec                window_single_click_subscribe
 .text.window_single_repeating_click_subscribe
                0x0000000000000ff8        0xc /home/erik/.pebble-sdk/SDKs/current/sdk-core/pebble/aplite/lib/libpebble.a(tmp7jpKUopebble.o)
                0x0000000000000ff8                window_single_repeating_click_subscribe
 .text.number_window_get_window
                0x0000000000001004        0xc /home/erik/.pebble-sdk/SDKs/current/sdk-core/pebble/aplite/lib/libpebble.a(tmp7jpKUopebble.o)
                0x0000000000001004                number_window_get_window
 .text.localtime
                0x0000000000001010        0xc /home/erik/.pebble-sdk/SDKs/current/sdk-core/pebble/aplite/lib/libpebble.a(tmp7jpKUopebble.o)
                0x0000000000001010                localtime
 .text.action_bar_layer_add_to_window
                0x000000000000101c        0xc /home/erik/.pebble-sdk/SDKs/current/sdk-core/pebble/aplite/lib/libpebble.a(tmp7jpKUopebble.o)
                0x000000000000101c                action_bar_layer_add_to_window
 .text.action_bar_layer_create
                0x0000000000001028        0xc /home/erik/.pebble-sdk/SDKs/current/sdk-core/pebble/aplite/lib/libpebble.a(tmp7jpKUopebble.o)
                0x0000000000001028                action_bar_layer_create
 .text.action_bar_layer_destroy
                0x0000000000001034        0xc /home/erik/.pebble-sdk/SDKs/current/sdk-core/pebble/aplite/lib/libpebble.a(tmp7jpKUopebble.o)
                0x0000000000001034                action_bar_layer_destroy
 .text.action_bar_layer_remove_from_window
                0x0000000000001040        0xc /home/erik/.pebble-sdk/SDKs/current/sdk-core/pebble/aplite/lib/libpebble.a(tmp7jpKUopebble.o)
                0x0000000000001040                action_bar_layer_remove_from_window
 .text.action_bar_layer_set_click_config_provider
                0x000000000000104c        0xc /home/erik/.pebble-sdk/SDKs/current/sdk-core/pebble/aplite/lib/libpebble.a(tmp7jpKUopebble.o)
                0x000000000000104c                action_bar_layer_set_click_config_provider
 .text.action_bar_layer_set_icon_animated
                0x0000000000001058        0xc /home/erik/.pebble-sdk/SDKs/current/sdk-core/pebble/aplite/lib/libpebble.a(tmp7jpKUopebble.o)
                0x0000000000001058                action_bar_layer_set_icon_animated
 .text.text_layer_create
                0x0000000000001064        0xc /home/erik/.pebble-sdk/SDKs/current/sdk-core/pebble/aplite/lib/libpebble.a(tmp7jpKUopebble.o)
                0x0000000000001064                text_layer_create
 .text.text_layer_destroy
                0x0000000000001070        0xc /home/erik/.pebble-sdk/SDKs/current/sdk-core/pebble/aplite/lib/libpebble.a(tmp7jpKUopebble.o)
                0x0000000000001070                text_layer_destroy
 .text.text_layer_get_layer
                0x000000000000107c        0xc /home/erik/.pebble-sdk/SDKs/current/sdk-core/pebble/aplite/lib/libpebble.a(tmp7jpKUopebble.o)
                0x000000000000107c                text_layer_get_layer
 .text.text_layer_set_background_color
                0x0000000000001088        0xc /home/erik/.pebble-sdk/SDKs/current/sdk-core/pebble/aplite/lib/libpebble.a(tmp7jpKUopebble.o)
                0x0000000000001088                text_layer_set_background_color
 .text.text_layer_set_font
                0x0000000000001094        0xc /home/erik/.pebble-sdk/SDKs/current/sdk-core/pebble/aplite/lib/libpebble.a(tmp7jpKUopebble.o)
                0x0000000000001094                text_layer_set_font
 .text.text_layer_set_overflow_mode
                0x00000000000010a0        0xc /home/erik/.pebble-sdk/SDKs/current/sdk-core/pebble/aplite/lib/libpebble.a(tmp7jpKUopebble.o)
                0x00000000000010a0                text_layer_set_overflow_mode
 .text.text_layer_set_text
                0x00000000000010ac        0xc /home/erik/.pebble-sdk/SDKs/current/sdk-core/pebble/aplite/lib/libpebble.a(tmp7jpKUopebble.o)
                0x00000000000010ac                text_layer_set_text
 .text.text_layer_set_text_alignment
                0x00000000000010b8        0xc /home/erik/.pebble-sdk/SDKs/current/sdk-core/pebble/aplite/lib/libpebble.a(tmp7jpKUopebble.o)
                0x00000000000010b8                text_layer_set_text_alignment
 .text.text_layer_set_text_color
                0x00000000000010c4        0xc /home/erik/.pebble-sdk/SDKs/current/sdk-core/pebble/aplite/lib/libpebble.a(tmp7jpKUopebble.o)
                0x00000000000010c4                text_layer_set_text_color
 .text.time     0x00000000000010d0        0xc /home/erik/.pebble-sdk/SDKs/current/sdk-core/pebble/aplite/lib/libpebble.a(tmp7jpKUopebble.o)
                0x00000000000010d0                time
 *(.rodata)
 *(.rodata*)
 .rodata.str1.1
                0x00000000000010dc       0x8e src/c/PeReader.c.33.o
                                         0x8f (size before relaxing)

.glue_7         0x000000000000116c        0x0
 .glue_7        0x0000000000000000        0x0 linker stubs

.glue_7t        0x000000000000116c        0x0
 .glue_7t       0x0000000000000000        0x0 linker stubs

.vfp11_veneer   0x000000000000116c        0x0
 .vfp11_veneer  0x0000000000000000        0x0 linker stubs

.v4_bx          0x000000000000116c        0x0
 .v4_bx         0x0000000000000000        0x0 linker stubs

.iplt           0x000000000000116c        0x0
 .iplt          0x0000000000000000        0x0 /home/erik/pebble-dev/pebble-sdk-4.6-rc2-linux64/arm-cs-tools/bin/../lib/gcc/arm-none-eabi/4.7.2/thumb2/crtbegin.o

.rel.dyn        0x000000000000116c        0x0
 .rel.iplt      0x0000000000000000        0x0 /home/erik/pebble-dev/pebble-sdk-4.6-rc2-linux64/arm-cs-tools/bin/../lib/gcc/arm-none-eabi/4.7.2/thumb2/crtbegin.o
 .rel.got       0x0000000000000000        0x0 /home/erik/pebble-dev/pebble-sdk-4.6-rc2-linux64/arm-cs-tools/bin/../lib/gcc/arm-none-eabi/4.7.2/thumb2/crtbegin.o

.data           0x000000000000116c       0x14
 *(.data)
 .data          0x000000000000116c        0x0 /home/erik/pebble-dev/pebble-sdk-4.6-rc2-linux64/arm-cs-tools/bin/../lib/gcc/arm-none-eabi/4.7.2/thumb2/crti.o
 .data          0x000000000000116c        0x4 /home/erik/pebble-dev/pebble-sdk-4.6-rc2-linux64/arm-cs-tools/bin/../lib/gcc/arm-none-eabi/4.7.2/thumb2/crtbegin.o
                0x000000000000116c                __dso_handle
 .data          0x0000000000001170        0x0 src/c/PeReader.c.33.o
 .data          0x0000000000001170        0x0 aplite/appinfo.auto.c.33.o
 .data          0x0000000000001170        0x0 aplite/src/resource_ids.auto.c.33.o
 .data          0x0000000000001170        0x0 src/message_keys.auto.c.33.o
 .data          0x0000000000001170        0x0 /home/erik/.pebble-sdk/SDKs/current/sdk-core/pebble/aplite/lib/libpebble.a(tmp7jpKUopebble.o)
 .data          0x0000000000001170        0x0 /home/erik/pebble-dev/pebble-sdk-4.6-rc2-linux64/arm-cs-tools/bin/../lib/gcc/arm-none-eabi/4.7.2/thumb2/libgcc.a(_arm_addsubsf3.o)
 .data          0x0000000000001170        0x0 /home/erik/pebble-dev/pebble-sdk-4.6-rc2-linux64/arm-cs-tools/bin/../lib/gcc/arm-none-eabi/4.7.2/thumb2/libgcc.a(_arm_muldivsf3.o)
 .data          0x0000000000001170        0x0 /home/erik/pebble-dev/pebble-sdk-4.6-rc2-linux64/arm-cs-tools/bin/../lib/gcc/arm-none-eabi/4.7.2/thumb2/libgcc.a(_arm_fixsfsi.o)
 .data          0x0000000000001170        0x0 /home/erik/pebble-dev/pebble-sdk-4.6-rc2-linux64/arm-cs-tools/bin/../lib/gcc/arm-none-eabi/4.7.2/thumb2/libgcc.a(_arm_fixunssfsi.o)
 .data          0x0000000000001170        0x0 /home/erik/pebble-dev/pebble-sdk-4.6-rc2-linux64/arm-cs-tools/bin/../lib/gcc/arm-none-eabi/4.7.2/thumb2/crtend.o
 .data          0x0000000000001170        0x0 /home/erik/pebble-dev/pebble-sdk-4.6-rc2-linux64/arm-cs-tools/bin/../lib/gcc/arm-none-eabi/4.7.2/thumb2/crtn.o
 *(.data.*)
 .data.buffer.7490
                0x0000000000001170        0x6 src/c/PeReader.c.33.o
 *fill*         0x0000000000001176        0x2 
 .data.MESSAGE_KEY_TOTAL_PAGES
                0x0000000000001178        0x4 src/message_keys.auto.c.33.o
                0x0000000000001178                MESSAGE_KEY_TOTAL_PAGES
 .data.MESSAGE_KEY_PAGE_TEXT
                0x000000000000117c        0x4 src/message_keys.auto.c.33.o
                0x000000000000117c                MESSAGE_KEY_PAGE_TEXT

.igot.plt       0x0000000000001180        0x0
 .igot.plt      0x0000000000000000        0x0 /home/erik/pebble-dev/pebble-sdk-4.6-rc2-linux64/arm-cs-tools/bin/../lib/gcc/arm-none-eabi/4.7.2/thumb2/crtbegin.o

.got            0x0000000000001180        0xc
 .got           0x0000000000001180        0xc /home/erik/pebble-dev/pebble-sdk-4.6-rc2-linux64/arm-cs-tools/bin/../lib/gcc/arm-none-eabi/4.7.2/thumb2/crtbegin.o

.got.plt        0x000000000000118c        0xc
 .got.plt       0x000000000000118c        0xc /home/erik/pebble-dev/pebble-sdk-4.6-rc2-linux64/arm-cs-tools/bin/../lib/gcc/arm-none-eabi/4.7.2/thumb2/crtbegin.o
                0x000000000000118c                _GLOBAL_OFFSET_TABLE_

.bss            0x0000000000001198      0x25c
 *(.bss)
 *(.bss.*)
 .bss.brightness
                0x0000000000001198        0x1 src/c/PeReader.c.33.o
 *fill*         0x0000000000001199        0x3 
 .bss.action_bar_layer
                0x000000000000119c        0x4 src/c/PeReader.c.33.o
 .bss.pagebuffer.7501
                0x00000000000011a0       0x20 src/c/PeReader.c.33.o
 .bss.text_layer
                0x00000000000011c0        0x4 src/c/PeReader.c.33.o
 .bss.actionbar_enabled
                0x00000000000011c4        0x1 src/c/PeReader.c.33.o
 *fill*         0x00000000000011c5        0x3 
 .bss.total_pages
                0x00000000000011c8        0x4 src/c/PeReader.c.33.o
 .bss.brightness_on_image
                0x00000000000011cc        0x4 src/c/PeReader.c.33.o
 .bss.current_page
                0x00000000000011d0        0x4 src/c/PeReader.c.33.o
 .bss.number_window
                0x00000000000011d4        0x4 src/c/PeReader.c.33.o
 .bss.done_image
                0x00000000000011d8        0x4 src/c/PeReader.c.33.o
 .bss.page_text_layer
                0x00000000000011dc        0x4 src/c/PeReader.c.33.o
 .bss.brightness_off_image
                0x00000000000011e0        0x4 src/c/PeReader.c.33.o
 .bss.skip_image
                0x00000000000011e4        0x4 src/c/PeReader.c.33.o
 .bss.time_text_layer
                0x00000000000011e8        0x4 src/c/PeReader.c.33.o
 .bss.buffer.7500
                0x00000000000011ec      0x200 src/c/PeReader.c.33.o
 .bss.window    0x00000000000013ec        0x4 src/c/PeReader.c.33.o
 .bss.MESSAGE_KEY_PAGE_REQUEST
                0x00000000000013f0        0x4 src/message_keys.auto.c.33.o
                0x00000000000013f0                MESSAGE_KEY_PAGE_REQUEST

DISCARD
 libc.a(*)
 libm.a(*)
 libgcc.a(*)
 *(.eh_frame)
OUTPUT(/home/erik/Projects/PebbleProjects/PeReader/build/aplite/pebble-app.elf elf32-littlearm)

.ARM.attributes
                0x0000000000000000       0x27
 .ARM.attributes
                0x0000000000000000       0x19 /home/erik/pebble-dev/pebble-sdk-4.6-rc2-linux64/arm-cs-tools/bin/../lib/gcc/arm-none-eabi/4.7.2/thumb2/crti.o
 .ARM.attributes
                0x0000000000000019       0x29 /home/erik/pebble-dev/pebble-sdk-4.6-rc2-linux64/arm-cs-tools/bin/../lib/gcc/arm-none-eabi/4.7.2/thumb2/crtbegin.o
 .ARM.attributes
                0x0000000000000042       0x33 src/c/PeReader.c.33.o
 .ARM.attributes
                0x0000000000000075       0x33 aplite/appinfo.auto.c.33.o
 .ARM.attributes
                0x00000000000000a8       0x33 aplite/src/resource_ids.auto.c.33.o
 .ARM.attributes
                0x00000000000000db       0x33 src/message_keys.auto.c.33.o
 .ARM.attributes
                0x000000000000010e       0x21 /home/erik/.pebble-sdk/SDKs/current/sdk-core/pebble/aplite/lib/libpebble.a(tmp7jpKUopebble.o)
 .ARM.attributes
                0x000000000000012f       0x19 /home/erik/pebble-dev/pebble-sdk-4.6-rc2-linux64/arm-cs-tools/bin/../lib/gcc/arm-none-eabi/4.7.2/thumb2/libgcc.a(_arm_addsubsf3.o)
 .ARM.attributes
                0x0000000000000148       0x19 /home/erik/pebble-dev/pebble-sdk-4.6-rc2-linux64/arm-cs-tools/bin/../lib/gcc/arm-none-eabi/4.7.2/thumb2/libgcc.a(_arm_muldivsf3.o)
 .ARM.attributes
                0x0000000000000161       0x19 /home/erik/pebble-dev/pebble-sdk-4.6-rc2-linux64/arm-cs-tools/bin/../lib/gcc/arm-none-eabi/4.7.2/thumb2/libgcc.a(_arm_fixsfsi.o)
 .ARM.attributes
                0x000000000000017a       0x19 /home/erik/pebble-dev/pebble-sdk-4.6-rc2-linux64/arm-cs-tools/bin/../lib/gcc/arm-none-eabi/4.7.2/thumb2/libgcc.a(_arm_fixunssfsi.o)
 .ARM.attributes
                0x0000000000000193       0x29 /home/erik/pebble-dev/pebble-sdk-4.6-rc2-linux64/arm-cs-tools/bin/../lib/gcc/arm-none-eabi/4.7.2/thumb2/crtend.o
 .ARM.attributes
                0x00000000000001bc       0x19 /home/erik/pebble-dev/pebble-sdk-4.6-rc2-linux64/arm-cs-tools/bin/../lib/gcc/arm-none-eabi/4.7.2/thumb2/crtn.o

.comment        0x0000000000000000       0x4e
 .comment       0x0000000000000000       0x4e /home/erik/pebble-dev/pebble-sdk-4.6-rc2-linux64/arm-cs-tools/bin/../lib/gcc/arm-none-eabi/4.7.2/thumb2/crtbegin.o
                                         0x4f (size before relaxing)
 .comment       0x0000000000000000       0x4f src/c/PeReader.c.33.o
 .comment       0x0000000000000000       0x4f aplite/appinfo.auto.c.33.o
 .comment       0x0000000000000000       0x4f aplite/src/resource_ids.auto.c.33.o
 .comment       0x0000000000000000       0x4f src/message_keys.auto.c.33.o
 .comment       0x0000000000000000       0x4f /home/erik/pebble-dev/pebble-sdk-4.6-rc2-linux64/arm-cs-tools/bin/../lib/gcc/arm-none-eabi/4.7.2/thumb2/crtend.o

.debug_info     0x0000000000000000     0x22fc
 .debug_info    0x0000000000000000     0x1b98 src/c/PeReader.c.33.o
 .debug_info    0x0000000000001b98      0x31a aplite/appinfo.auto.c.33.o
 .debug_info    0x0000000000001eb2       0xc9 aplite/src/resource_ids.auto.c.33.o
 .debug_info    0x0000000000001f7b       0xa5 src/message_keys.auto.c.33.o
 .debug_info    0x0000000000002020       0xb7 /home/erik/pebble-dev/pebble-sdk-4.6-rc2-linux64/arm-cs-tools/bin/../lib/gcc/arm-none-eabi/4.7.2/thumb2/libgcc.a(_arm_addsubsf3.o)
 .debug_info    0x00000000000020d7       0xb7 /home/erik/pebble-dev/pebble-sdk-4.6-rc2-linux64/arm-cs-tools/bin/../lib/gcc/arm-none-eabi/4.7.2/thumb2/libgcc.a(_arm_muldivsf3.o)
 .debug_info    0x000000000000218e       0xb7 /home/erik/pebble-dev/pebble-sdk-4.6-rc2-linux64/arm-cs-tools/bin/../lib/gcc/arm-none-eabi/4.7.2/thumb2/libgcc.a(_arm_fixsfsi.o)
 .debug_info    0x0000000000002245       0xb7 /home/erik/pebble-dev/pebble-sdk-4.6-rc2-linux64/arm-cs-tools/bin/../lib/gcc/arm-none-eabi/4.7.2/thumb2/libgcc.a(_arm_fixunssfsi.o)

.debug_abbrev   0x0000000000000000      0x4f1
 .debug_abbrev  0x0000000000000000      0x37b src/c/PeReader.c.33.o
 .debug_abbrev  0x000000000000037b       0x9e aplite/appinfo.auto.c.33.o
 .debug_abbrev  0x0000000000000419       0x44 aplite/src/resource_ids.auto.c.33.o
 .debug_abbrev  0x000000000000045d       0x44 src/message_keys.auto.c.33.o
 .debug_abbrev  0x00000000000004a1       0x14 /home/erik/pebble-dev/pebble-sdk-4.6-rc2-linux64/arm-cs-tools/bin/../lib/gcc/arm-none-eabi/4.7.2/thumb2/libgcc.a(_arm_addsubsf3.o)
 .debug_abbrev  0x00000000000004b5       0x14 /home/erik/pebble-dev/pebble-sdk-4.6-rc2-linux64/arm-cs-tools/bin/../lib/gcc/arm-none-eabi/4.7.2/thumb2/libgcc.a(_arm_muldivsf3.o)
 .debug_abbrev  0x00000000000004c9       0x14 /home/erik/pebble-dev/pebble-sdk-4.6-rc2-linux64/arm-cs-tools/bin/../lib/gcc/arm-none-eabi/4.7.2/thumb2/libgcc.a(_arm_fixsfsi.o)
 .debug_abbrev  0x00000000000004dd       0x14 /home/erik/pebble-dev/pebble-sdk-4.6-rc2-linux64/arm-cs-tools/bin/../lib/gcc/arm-none-eabi/4.7.2/thumb2/libgcc.a(_arm_fixunssfsi.o)

.debug_loc      0x0000000000000000      0x608
 .debug_loc     0x0000000000000000      0x608 src/c/PeReader.c.33.o

.debug_aranges  0x0000000000000000      0x168
 .debug_aranges
                0x0000000000000000       0xa0 src/c/PeReader.c.33.o
 .debug_aranges
                0x00000000000000a0       0x18 aplite/appinfo.auto.c.33.o
 .debug_aranges
                0x00000000000000b8       0x18 aplite/src/resource_ids.auto.c.33.o
 .debug_aranges
                0x00000000000000d0       0x18 src/message_keys.auto.c.33.o
 .debug_aranges
                0x00000000000000e8       0x20 /home/erik/pebble-dev/pebble-sdk-4.6-rc2-linux64/arm-cs-tools/bin/../lib/gcc/arm-none-eabi/4.7.2/thumb2/libgcc.a(_arm_addsubsf3.o)
 .debug_aranges
                0x0000000000000108       0x20 /home/erik/pebble-dev/pebble-sdk-4.6-rc2-linux64/arm-cs-tools/bin/../lib/gcc/arm-none-eabi/4.7.2/thumb2/libgcc.a(_arm_muldivsf3.o)
 .debug_aranges
                0x0000000000000128       0x20 /home/erik/pebble-dev/pebble-sdk-4.6-rc2-linux64/arm-cs-tools/bin/../lib/gcc/arm-none-eabi/4.7.2/thumb2/libgcc.a(_arm_fixsfsi.o)
 .debug_aranges
                0x0000000000000148       0x20 /home/erik/pebble-dev/pebble-sdk-4.6-rc2-linux64/arm-cs-tools/bin/../lib/gcc/arm-none-eabi/4.7.2/thumb2/libgcc.a(_arm_fixunssfsi.o)

.debug_ranges   0x0000000000000000       0xc0
 .debug_ranges  0x0000000000000000       0xc0 src/c/PeReader.c.33.o

.debug_line     0x0000000000000000      0xb05
 .debug_line    0x0000000000000000      0x4d6 src/c/PeReader.c.33.o
 .debug_line    0x00000000000004d6      0x121 aplite/appinfo.auto.c.33.o
 .debug_line    0x00000000000005f7       0xce aplite/src/resource_ids.auto.c.33.o
 .debug_line    0x00000000000006c5       0xc7 src/message_keys.auto.c.33.o
 .debug_line    0x000000000000078c      0x128 /home/erik/pebble-dev/pebble-sdk-4.6-rc2-linux64/arm-cs-tools/bin/../lib/gcc/arm-none-eabi/4.7.2/thumb2/libgcc.a(_arm_addsubsf3.o)
 .debug_line    0x00000000000008b4      0x149 /home/erik/pebble-dev/pebble-sdk-4.6-rc2-linux64/arm-cs-tools/bin/../lib/gcc/arm-none-eabi/4.7.2/thumb2/libgcc.a(_arm_muldivsf3.o)
 .debug_line    0x00000000000009fd       0x86 /home/erik/pebble-dev/pebble-sdk-4.6-rc2-linux64/arm-cs-tools/bin/../lib/gcc/arm-none-eabi/4.7.2/thumb2/libgcc.a(_arm_fixsfsi.o)
 .debug_line    0x0000000000000a83       0x82 /home/erik/pebble-dev/pebble-sdk-4.6-rc2-linux64/arm-cs-tools/bin/../lib/gcc/arm-none-eabi/4.7.2/thumb2/libgcc.a(_arm_fixunssfsi.o)

.debug_str      0x0000000000000000     0x105e
 .debug_str     0x0000000000000000      0xd67 src/c/PeReader.c.33.o
                                        0xe98 (size before relaxing)
 .debug_str     0x0000000000000d67      0x236 aplite/appinfo.auto.c.33.o
                                        0x320 (size before relaxing)
 .debug_str     0x0000000000000f9d       0xa9 aplite/src/resource_ids.auto.c.33.o
                                        0x174 (size before relaxing)
 .debug_str     0x0000000000001046       0x18 src/message_keys.auto.c.33.o
                                        0x12a (size before relaxing)

.debug_frame    0x0000000000000000      0x1cc
 .debug_frame   0x0000000000000000      0x1cc src/c/PeReader.c.33.o
